[INGALITE]
Name=Invisible Light Post
Image=GALITE
InvisibleInGame=yes
Insignificant=yes
Selectable=no
Strength=6000
Armor=wood
TechLevel=-1
Nominal=yes
Sight=0
Points=30
Power=0
Crewed=yes
Explosion=TWLT070,S_BANG48,S_BRNL58,S_CLSN58,S_TUMU60
MaxDebris=1
LightVisibility=4000
LightIntensity=0.5
LightRedTint=0.05
LightGreenTint=0.05
LightBlueTint=0.01
ThreatPosed=0
DamageParticleSystems=SparkSys,LGSparkSys
Powered=true

[GACNST]
LightVisibility=4000
LightIntensity=0.5
LightRedTint=0.05
LightGreenTint=0.05
LightBlueTint=0.01
Powered=True
Power=0

[NACNST]
LightVisibility=4000
LightIntensity=0.5
LightRedTint=0.05
LightGreenTint=0.05
LightBlueTint=0.01
Powered=True
Power=0

[CAOILD]
UIName=Name:CAOILD
Name=Tech Oil Derrick
TechLevel=-1
Strength=300
Insignificant=yes
Nominal=yes
Points=5
Armor=concrete
Explosion=TWLT070,S_BANG48,S_BRNL58,S_CLSN58,S_TUMU60
Maxdebris=2
DamageParticleSystems=SmallGreySSys,BigGreySmokeSys
Capturable=yes
NeedsEngineer=yes
Unsellable=yes
Explodes=yes
DeathWeapon=OilExplosion
ProduceCashStartup=1000
ProduceCashAmount=100
ProduceCashDelay=100

[SpecialFlags]
TiberiumGrows=yes
TiberiumSpreads=yes
TiberiumExplosive=no
DestroyableBridges=no
MCVDeploy=no
InitialVeteran=no
FixedAlliance=no
HarvesterImmune=no
FogOfWar=no
Inert=no
IonStorms=no
Meteorites=no
Visceroids=no

[Houses]
0=Americans
1=Alliance
2=French
3=Germans
4=British
5=Africans
6=Arabs
7=Confederation
8=Russians
9=GDI
10=Nod
11=Neutral
12=Special

[Americans]
Country=Americans
TechLevel=0
Credits=0
IQ=0
Edge=North
PlayerControl=no
Color=Green
Allies=Americans
PercentBuilt=0
NodeCount=0

[Alliance]
Country=Alliance
TechLevel=0
Credits=0
IQ=0
Edge=North
PlayerControl=no
Color=LightBlue
Allies=Alliance
PercentBuilt=0
NodeCount=0

[French]
Country=French
TechLevel=0
Credits=0
IQ=0
Edge=North
PlayerControl=no
Color=Gold
Allies=French
PercentBuilt=0
NodeCount=0

[Germans]
Country=Germans
TechLevel=0
Credits=0
IQ=0
Edge=North
PlayerControl=no
Color=Grey
Allies=Germans
PercentBuilt=0
NodeCount=0

[British]
Country=British
TechLevel=0
Credits=0
IQ=0
Edge=North
PlayerControl=no
Color=Gold
Allies=British
PercentBuilt=0
NodeCount=0

[Africans]
Country=Africans
TechLevel=0
Credits=0
IQ=0
Edge=North
PlayerControl=yes
Color=DarkRed
Allies=Africans
PercentBuilt=0
NodeCount=0

[Arabs]
Country=Arabs
TechLevel=0
Credits=0
IQ=0
Edge=North
PlayerControl=yes
Color=DarkRed
Allies=Arabs
PercentBuilt=0
NodeCount=0

[Confederation]
Country=Confederation
TechLevel=0
Credits=0
IQ=0
Edge=North
PlayerControl=no
Color=DarkRed
Allies=Confederation
PercentBuilt=0
NodeCount=0

[Russians]
Country=Russians
TechLevel=0
Credits=0
IQ=0
Edge=North
PlayerControl=no
Color=DarkRed
Allies=Russians
PercentBuilt=0
NodeCount=0

[GDI]
Country=GDI
TechLevel=0
Credits=0
IQ=0
Edge=North
PlayerControl=no
Color=Gold
Allies=GDI
PercentBuilt=0
NodeCount=0

[Nod]
Country=Nod
TechLevel=0
Credits=0
IQ=0
Edge=North
PlayerControl=no
Color=Gold
Allies=Nod
PercentBuilt=0
NodeCount=0

[Neutral]
Country=Neutral
TechLevel=0
Credits=0
IQ=0
Edge=North
PlayerControl=no
Color=Grey
Allies=Neutral
PercentBuilt=0
NodeCount=0

[Special]
Country=Special
TechLevel=0
Credits=0
IQ=0
Edge=North
PlayerControl=no
Color=Grey
Allies=Special
PercentBuilt=0
NodeCount=0

[Basic]
NextScenario=GDI2A.map
AltNextScenario=GDI9C.MAP
NewINIFormat=4
CarryOverCap=0
EndOfGame=no
SkipScore=no
OneTimeOnly=no
SkipMapSelect=no
Official=yes
IgnoreGlobalAITriggers=no
TruckCrate=no
TrainCrate=no
Percent=0
MultiplayerOnly=1
TiberiumGrowthEnabled=yes
VeinGrowthEnabled=no
IceGrowthEnabled=no
TiberiumDeathToVisceroid=no
FreeRadar=no
InitTime=10000

[Lighting]
Ambient=1.000000
Red=1.000000
Green=0.800000
Blue=0.680000
Ground=0.000000
Level=0.000000
IonAmbient=1.000000
IonRed=1.000000
IonGreen=1.000000
IonBlue=1.000000
IonGround=0.000000
IonLevel=0.000000

[Preview]
Size=0,0,118,59

[PreviewPack]
1=wQ0AIAW4mGi4mGi4lCgVAMApRgDAnHwCBnh4eEhMUEBEQEgACVBUUHh8eHCIQHCIOEgAAm
2=iIOGiEYAFEAkwBRAJIAIQCCkCYkIBQVEhQUEiooJBQAqgATASUA0kGQEwBsAK0AJ0CQFAL
3=SAxADUgAUA5YAZwCMbwA1AaYECf0AUwKnAUEQFBYWEBESFMIOEBAQApcCEwESAZABFQATA
4=GgAVQAnAU4fAF0G9QSSAlACnQSAXh4uJRkI7wjVACpALioJ1QAlAOsBNQAUAJIACdeAJRo
5=3CxSAphoWAdMB1AUUwtAQEBADW0WgNwsUBRMFrwUlAAKQJiUiFhYUEhIQJCMgEgDSACsBL
6=warAGFBTgpLAApFgNAQEANWDpAB0gAKYwA3AWwAisEAZwshAIuHQFAXBA1zAI2PAIpfAHU
7=CVQezSt87CuEI1giaACcJsQmTAFIALQDoAEqFAAqXACMAawrcAgnnAU1PAu0GzDcCrwjzB
8=acICosALQGTDdINkgYSABsK2xkUEosPAXsB7gHLhQAKaQJUAhIAPwIbG1QNVgBUAJIAEAN
9=WA1MKycEAaABJ5wCeAEpNAFYSVQGWAdQCCgMBZAjWCIqfARsVbApVAMnIAAyLABUBkgAfA
10=VUKkAEVACMhcQCjAFQFFAORDtAEKwWMNwKaBX4Iif8AiggAC0UAzLcCioEAawBhDJwL1gB
11=SABUCYQCxE1QEUgSQBN0IQK8qMjAsKQpRAVIAC7MAuxwSAOoAC00AUgJzCvkPrgEKpwFrA
12=F4JUAllCpMAUgAUC9oAIQCKtwESAOoAHQDSAZIACqMAFgBSACEAgOoqJiopJjMFlyzfiNI
13=aEAAnCZEEfQVVCEgB7wVVAaIAC68AJACJzwL1AP8C8wrSCFIAGwrVXi4KAAAA6BoUKBkSC
14=ucBTsMDkQaQEZlNUQrpBKsECoUAKwrtCe0ACpEAFgoTChUAEgAtANYAWgAlCcopACYASdc
15=AKQFQCsPYGRgODxAODw4aGhgYGBYWFxgSBtAHEgAWRN47EO0S7QdrBykAigUA30yUF9NAA
16=AgSAC0AwPAwKjAuKi8BUQa5CnELFgBcAKcODAcAbwppA60AGQCUixoSCecBUANSABMB2wW
17=KXwWRAJQFzDcCpQS1A9oDyhkH1FHOCisBExPiA7EAlgBSACgKJQAaC1EAqgARAJIAJwF0A
18=CcAq4EoJxU2Hj0sCxUAFwsWC5AJWwWXVlEzPfMBykYANQYjARQBVgBTBZIAJQYAAFAwLyo
19=sKygSHhwYJiYyLSgwLywSCFIANQqgI6kBUAHdCEpHAFYBCcIAHYqZEh0AGwrbFhECwHIvK
20=igMJwF/FlVGEhA4i/cCkgPSABEFKgArAGsECcMCEgD1CqkHSmsBHBTWAFQKUStQAFUAIys
21=rFVcKUgAKowAvAKkCwOYmJBYXFhYWEBqWBMDMDQ4iIR4XJ5MH0gnREFcAlAgXFm4DlwCWA
22=FQAkgDQARYMUATSAC0FQzAuKDAtKBAcHBIjIhQlJBJALCEArAmeATER8yCKhwBZCl8KXRU
23=vAVYVXApnCluAWRIZizAsEhjSABqA2RIpAW0AAJweHBITCJcJ8wTdK5841wOqABAK5wUJF
24=wqIiglYB8BPEBARFyPZFm0JNwsNTwFtCe0ADCkALwClAzYoKsPoJiIXyxYWFhAAaQCtABA
25=KFgoTFtciUArSABAAVgBUAJILawERDVEFwfIxLC4sKBwkJBQSgCYmG0rtLSEZBdEBUwEvA
26=5AB1wIQJFIALwIrDdkLExVUCxIAIABvAK0AKQsrAG0AKcCoJyQSEIDgIB4mJyQvCwgA/ws
27=RDtYSUgATCtMXkEBOEIAQECkFFQVSAAq9AS8JtQAjFjMAZQwlQk4UAhUCQOAfHDwAAAnCA
28=BcCEAfVAAqCACUDCi8EkgDRi9QVFxcbD1AAUwxjATMNLwdtABMWAKwpJC4vE0roEAHSAC8
29=C7wFrSs4REz8trQGKhQAKpwFKlwAXDhUCSpEACc1AThQUViCRiVQUEg2eAtaAUxQO/wsfD
30=5AIlgiWHZUAFAFQBNgAXxZKOQLMJwFKkQAqAa0BlwPQAFANSd4BUMBmJiIpBe8IEgYQAFI
31=AGABKQwavFZMK1hDQFhYAVBQQBysRm5JaEgq7ANYB0gAMBwBUFZIAFAgTAe8DirUAKwBZC
32=ysWFhYSABsASjcEKQOWAdAEFQbJzQBRAJYClgBUAJDhXh4cLwLrHBcAkgASAZYBEATSABK
33=dWhoRftYSGBsK3j9XABkjEgkQARIALwXQAFIALQqrAqkiVACJwgALaQGQCsnCAADYFxYYG
34=RYJ5wFqAY2vAkndANsGSnsHmQs/KGkCFQAWBM2HAG8p0wESABsB/QzvAJkAnQqfNqsLrQA
35=vAJIJEAlJ5QKWAG0HrQAVLRcs1gKSACUD2BVTAFYBCrNAlgi1yRYqJwoBEBMBLQkQAGoAF
36=wXLSAAWAGkg0ABMwgARDRuWDxAJ3gFQAFHBaigkLwsQAFYAUgAXBF0GCl8H1ACSACNFkAl
37=/Czs9ydsCLwvtACkBTAcAawltACkJrQAtAa0V7QDMBQAtAlIVFgrVFRcaLQGQBMtCAAEAA
38=QAGCgIACkAAKAEJzwLQB8nCABIA/Ap0J5YAZwXVDPEAkwE6AB0h0AEuAFAAaQFQAGkAlQA
39=KqQGtANQAkgAWCtcLCwUAyJ8K7xKQARLAKikmFwamDQl/CxcBSptCHgi/CxBEzhcAkw09C
40=G8CC9MCkSAaAAoBBB0LfxZpCx2D2hItAlAK1Q5WA1YASKcKQJcWGhkWFgWvCy0AKQaKWgF
41=KygASBhIAFgHJ3gFQAGMFircBHQqpCa0CawBQAeAAWQFTAFIAJgB1NWsAbACMCwAnAgl7C
42=RIGEgAtBgqcAJkHUR3O/wsJ3wWTCtAMVgBvAisJbQArChsVWwrbC4rLABIDPSNfQJkzCtk
43=NYTXUFCkKbUAoPRvVJykArQbKuQCKiwAtANcIEArJwgAXB1AFlguvIwnjABAAUgAUAWoAO
44=wBpCy0AGxJVAPoA9QtK0QAKSwbdBj8+ypUAqwBZCOYH0ABNvwsMLwhtB5EDkgApCy0ANw1
45=oApJLWQxlBxIHkAfKt8KODw4QHC8IEAKSAC8C1hYVG8qPAtIA0gApBcqFABQAlQhREoneA
46=VAAVhAVAxYH1gNJzwLRAWoALwFrAFUAG4EfHi0AKQRVAlcAkwBRAWAAfguKWwFUDhIAEAN
47=UBpHmCgcECpUAkgqSACsGUABUCPUJCn8LEAHUA68Vja8IdYGaEhECHwI9Cq4AbQDtAC0CU
48=ge1hJ4eKwrWCtAAZ0CSEQaWBmwGq8TcHBoISc3uLSgIcQ3VANIAyoUA6wBUAJUBrQDQAH5
49=AThIY1gfWA1IAEAZQBBMBCmAAHyGuAGsMVgEQAFkBXSifFm8LKAKjAHMgnQVNNwKImxBtB
50=KsLmwiLIQULjQE/AisE1AUTBasH6QRZAjQVpAsLDQBfCwyvBVIKkArRBpAAVy/kfU4YAAj
51=FDa8CyfcJVBZpAKNHDhfFxggCKQjrAFUAEgApBRUAEAiSABABKgArBZIJ1girBZMBEgD7A
52=R8LKwxxgVEQMQFJuQ4nA7MK0wWSABQIFAFUA4uCgAEAERZzCKUeGwBLEwEQAdYEFAISAC8
53=CFARSAD8EXBlvBG0HlAFSAZ8CCykFS6kBvytSCqNK0hAAUAZTAFELK0rSFFVRHwCtCFIhC
54=dsBaAQpA7wGim0CIgCTARIACecAkABpCNsE1Q8L4wkKp8FwLigIT5BwLwi2D5YGUAfWB9Y
55=EHYbgHhEAkABdBX8TWRHXB28KaQpVHgoRAAplB+0A5BQNxwBKVdNoJyQUIZIAEwfXAVEEQ
56=JISDhQVCMeSYB4pCBYHEgAVANUElAUSBVYBFgBvBdYAWwrTFVFBzxoK0QsXCxYK0ABtBhU
57=AMwELBQ2WAr8JiX8QUsrMDAoXAJIAKw6tAAqbAWkAieEHVARVBJIDEABVBK9LMAjpFpwLC
58=ZsREgDQARAE0gAVAyrABgcGLQJtABsN4gnQAGsH3YMaFDUA4wuSANIAFQJLTQEUAJIACqn
59=AMC4qCFgPmQiXBMGQEAwNDgwODiAXDuMQ1QlQFADeHhwiIiASABAAUgYUClQFEBepER2D2
60=RIXAhIAHApTQk8WYNISBhcKVQKSAZoACMUNlACzC5ZBEBIokgAzPq0J6wiQCtIALwUIAMU
61=AL0gUC98cEgSaABeLLyopAvMIlYaREi4K7QAKpQBSCRIAKwKQAFAWyp0AKwBvQg4WBt9X0
62=hQU1gESAC0AyoUAFACcAgCnIhgZFhYK2gkXCwCODhgYGBcWQOQjIhobGhIKkQjdglEQFgB
63=UwLAwLAh4EhgByaMXawBWNZAGcwolA9UBlwsWApECEgAQAG0DEwwiAMi5ERQKUgAQAdYB0
64=ABSABIWnQAffs4KrQCMNQDvDu8HWAOlJZQC0wBXAu8FKxYzAQpXDZEAkhFVBtEBUhRWAF2
65=CWhQNJQB7FhYBFAFVAZIAFgHWAEntC9IgSq0AqwBrArMAQKgkFhgWFBLRg5YWCJsPijcCo
66=c1cHRwvCC8KaQRSCEnCAC8AqwEUAhcKUgAQCvMLkgLRB9AY5xZUAJQFEwCvAWwCKQRtAC8
67=LLwCrA10Ffx3rA1AHFwdTA1ICbwdvINIbFgBYli4qCiMAHQYIjw1vAukC1QDCEhMUEBEQE
68=BAQFBUEQAAMQ4AIAhQeIB4oGhIoGhIuC8AAAV4fHhQVFA4QGAABkhMUHh4eHCIOCcIAAmg
69=nIhgXFhoZFignJCrB6BkSEgArAEqFwCgmIhQBbcJAAAgSAAJaGxokIyIwLywwLioSAZIAC
70=dYAQJoiDhohHQMAwAAABggCLwCQARIALwFBkBESDg8QDA0OFcAQEhIWBNiAURIvAIDwLyo
71=yMCwtAYqDAIqLAC8C6wEUBFIAFALSACkFHYdREC+HaBoZxpwiECwBVQAzwREQECuBHx4Km
72=QBrAFYBEgARAVQCFgERBRYKFsBoGhQVAysBFgBUAJUA0gAWARYASqsAUgSSABDK6ikkEgn
73=fSxofCxQAkgApAgqFABYB1cJSFA4XCF0CQJ4eMC4oFwgWA1IAEgGSABIEkgAWCtUAEQaoA
74=FUACo0BFAFSABQMkgAbis8QE4rSEhMKwFAODg4KmwFJwQBVAkqJAJADUgAJ3QA/QtApBRI
75=ISe8AyrUACrsAyr8BVALSABQCFQAvAWsAVgBJyAARAtIHlgKQAdkVAKIgIiIgEABbQ1A3D
76=isB3QMgDpMHAOopJhoaGBMBF8aYGBYawBkYFj8WUgYSAC0BlwLK24FfHi8OLQJWARIALwR
77=pCm8VlACaAADBAAYKAgAtAAvPwvIvKhIKijeCryoXAhIALwOtAAnmANAAWIKACBQF0gArA
78=GEDswrWB9QIEghXHSsBzAUAEAHSwBQVFhEHVAaSBtENUQOSABcC0gAQAGoACrsAKQCQHZY
79=dlQVaABOQkhIWAFQAiqkAKwBSAxoAJ6DODxcdEwsBjgwODhgZGCooPxZXoagkEAQWBCsGa
80=QXQCJYItwInGV+LGRIrASkFOQsXQAAMEQAtBW0AHoQZEisCqQCpAswFAC8CLQArA2sB6UU
81=OFAr/H2kJqxAKhwBvAW0DEAxRAZIAEAHQBxMrLQGVANIDCrUACosALxWXG5kLEKaSEhYWF
82=ACKowArAFcCCcIAFSEVFdcdMgAAjg4gIB4T39gaGB0NCdOEHx4vKe8FKwcsAisGbwsJ5wC
83=SAN8Ky0MAIRZlE5otEwEqACsCifsAC2MAyqsAVwFVAOECDHcCrwCtACsCswThMsnHAFECF
84=wyYkZ8eFQAdi1EQH0sfETUrbVATASsJbQAXAVABKQFvFZIV0ABRALMNOS5tA9MGUQIVBUn
85=CABfsFhYUEBnQAG0Cf2tSFACPLwVpBfMGYiQpAIncAFAAaQt8A58F1ACWAGcEdQtrCJME0
86=gDpAi0ALwCrAGcBcwrSBtAHEgkQBa8ILQ8vAVQCEgAtAa0AFgBJwgASMBoAF7pvKhIilAI
87=KjwLvAUurAH8rbAIpA5ID2wHReZAjDQkviFkSLQYQBxQBbwIvCNcBUQ1vAtAB1gBA8DAsM
88=jEsCzMAiJsIKQmLBQAInQhvAikHbwIaAwmXCEqxAGkFMQRI9QhRAVIAOwNbEm8BbwIfgJo
89=SEgSRBRUIc0reDEMICr0AaQIjRw4rAFIDEABvBpIdUABrJREC0geWApIAKx/WH9AAVgBSA
90=BIA0AERKpcg6QXKhQASANABFgEUD5YE1gBrBBMDUgAKuQC/FYiRCe8DnQDZDLYTFwFVyoY
91=IAhQFCcsACxEAPwsSLScWcwoI3wohR1AKmwCrAG0CUAKJwgA/A6cLHwvKdwKbUlISMZ0GD
92=J0KqwHvDJAClALSABAAagArAFiWLioQMp6HMCw3izAsO1/SEQpXK1cpEiBUAKsK1ACQAFY
93=KEABpBe0AKQLQCu8LEBAfCy8WfRCKGwFLLwVrAdUAEATnSM4XCknCACEAsQmpBoqdAMzPA
94=tICawEKmwCUAInfAFMAScIAG0oZC/eCnx4SJlMlyQML7QMtAmkCyf4AEwKKiwAlBUklS5A
95=rMq0n7AstC3cViLoKNAsWFhQAnxTIkggVTtIciw4OFjWXCy0HrQPjA1kQbwsQzFITEhNAV
96=CYr0ABWJGkDrwUrAeUBid8DXynuCuVFUBkBfRIbAEiRCFsiKgbpAikIKwlrAS0WqQLtAC8
97=BVwCQAEqZAFUQlBBSBVAHGUUfGjwXE20BlwsJwwvtAy8AjAUAFgKUAKkC6wKKnwQtB68Am
98=4NQEC8VkhXQAFAUlACWxB4gHhUKkgrVABMW1grSC20A6QstABADUgAXAVIYEMHOEA4Xyxw
99=dHBcQSKcJl16aCXcJbwjlBLELLwUpCxsJZAFaCdhglBgAYQsoAS0AFyJvAikIOwEZIlYEE
100=AKK3wBlIGkC7wdXBfMKyy8FUwxWAeoACqcBbwCpB20ANwLhAusClQeWAqkVrRXvAJADUgA
101=vDikC7QAVANQAkgDSABcJnkBSFlYQLwIrAS0AKQOQARYBANgYFhYYFhMK0hgdAwCvKigoJ
102=BcQQNgZFiYmIhsHGyvjKC8p5QAUCaEJl0AAOQmQCsiCDmoBlQAbAMnDAAkbCaMB6wQ9AYo
103=DDtQLEgDnCDEYqQUfBcmfCukFzAUACKeKWRgQLJPQ4B8cEQgXERQAjCkAKwKQARIAFglWA
104=Ew3Ap8AlghlBUqBAFYE0gAQHxABEgzQBNAKFxZrBa8R6wBWApIA6QCUAVYAayRKjQBNpwF
105=SAxIALQhXCdcLFgBSADEJiO0KVgBSABUAycIADC8ALQP1AZIYGxefFlIM1hbSBJEFFQY3i
106=B4eKRxUHFcGiqcAlzUSCpgdnQFInFDMCMYLyo8C7wFrApYB0AFdB7sKLwCQA1IAH0CfEWA
107=OFgNNhQMSBtIAFQGUAVIBkgASBVYAVACSABAAVgBtBtABFgxtA82FABQF0QIvEFsH/xZSA
108=knCABYKCecBbACRAI2CAAnpACsLrwF3CyUM0jJSB98IPxWTAFhKDxky0AfSJ9pAER4argH
109=VAB+KWRYJOxIXAVSLGBgIkw6vBpQdFQeXAJMGXQeIjQxKEQkQC7dAnjMK5UMOJwFJTQrVC
110=1AFkgATA2sCrQAQChACkQIUAVcgEwBKG4FfHhaxMjEJcxKQAdIALQGtAADkJCAUFRIQBNM
111=bUhvXIZcLEABLZwFUA6cYitcIbgrSANMCkwBVCpUAEgAWAFQArwFQAF4AZSirAoDgHx4SF
112=BQdidAOFjKUMuEHZScmJ2gKFACQAdIAKQIpBqkCFxuUCl4MQFAQFhYdJxIeEgYWB+MKCJc
113=J74FeJCoJ3g0WCJAJQPAmGi4mGhYBHhklDlgAUwJTQFE3NGkIzAUAEgMLSwbWBOIAHwLpA
114=5ULUAczK8InJBYWFBISECYlIAqNAFcF1wszAScTUQ7XAjEHYStuAFQKUgArAG0A0wBSACs
115=AdQAJ24FaEgn3wpIREBAKEgAWFhQAkwcSB5Q9XkuPFAYWCIo7AmkF6wrrAFIDEgAKmRVWA
116=dIAKworAQGgJRIeJBAgJhQSAAFeIhIcIxAuJRsK6YswJxsAXgNjCtID1AReRBAYD1QC0gA
117=KkwEWBwnCABMWFgWQARIALQSpAW0JFACSABtbVxX3kCAgDF8NLwFWFi8LEABvAikCLwXtC
118=dQDpxWfKpYClACvFbMBClsBbSWVGxcILxWSFdAAVgBUAJMQ1BQXB1YHFwIJwgAlAmU4fS3
119=hAIlfCusCnxWXIopDVx47CtAAbwsoAGkLCoUALwsWCtID7wIqA/8GgEAGCAQTAE1CAB0Hq
120=wlKhQAtCS8CEsnYGBYrFUqjAAk3ChiOkRIbwRcWGgjDFksnAVVDwgn6AFcLFgrmAoi/Cyc
121=IIQjJnQzfBf8rVgoUAtpAEArrC5+LHx4TApUCSo8ApgKJvQolDasK3Qz7AqsBFQAUymYqG
122=h+VpBAjVhITAFcAkgAzCuUhMwBVlqUaLwsrBZYBEAZjBBuKxAUdABYATYIACJWJsCwtBX8
123=I7RvfCBUCUgAbShgIrxjQAG8BUwfUCBIAEABhCMlDGUwfBYq3AFAE1QJvBRsDewrSFRIIb
124=x3VAlQckBGQIGcCyIeXjhE3CwqNAGsAaQXtABEAkRKrCtcCFgKrApQDkgAtA+sZ0yCWK95
125=K5QntBF8HShUBbAsVABELFQAiAC8LEgJSAAolAGmOHh4vBpMEC0IAGwZ9LdAB6gAUBFIAC
126=csAKABvIZIKkAfQCJAAWwHfM5oIm4BREg8fBasECpsBXwgpRR8JAwmaJxMK1QJLSwbrBAt
127=8AIzOABME0gAbCsmnCAnLANQCCosALQtsAK8AsQsnCnMAbA3tACULawrWDctlwGAmEhUY0
128=I3cIBU4S5oAlQMJwgArA1YASggAJxuSCqNK0hAAYQjQAEifGdUIViUSANcAlwOSAMnXCdM
129=XnwpIlwnfGJsATLdCqAjDCx4B1QtaDZ8VkwKTBBIALgQqBxYAUgAAgAEABAYMWwOSA9AEG
130=wrJqwlJ8QTUAicO3gQRAhIAEQCVABIACogALQqrFVUAKkAuEAuKWwFdAxcFClUF2a5lEiU
131=AH/miJxYfiyMQCqUBfQPZGVQDi0IAKw9SDZQIFwpjEwo3ApIIVACfA5YGyIdczh6BEBAKz
132=0LaCKIN7Q/ZAWkFCZ0WrQn/CwiCCGkDlwjWB+0AyoUALgTKvwCTwEQEBBsKyaMMKQ+jA1c
133=gCKkJLQJTAdMCja8A6QsaCr0KqQCpBdcG1AgtAxcCEgARClgK925UEwBSABEWUgDSABEQS
134=KkbFAT6AC8DkAQVANIAEABpB1AAVgBrAFwKVQrI7wktBhcDkAZaACcAlwvnAJ8UFynpyNY
135=YFhQ1EwExRR4JURvtAO0AGRc9F2kDrwRtAMqFAD8FXwAuA1EDkABSgx4gFSNSA9VPEBEAm
136=w9tRJEK5wFKnwBrAFAHEABvClIV3AsNdwKVBh4CiNsLAJwjECYpHPmgJxQVLonbAVICUAK
137=SABAAXQUCQAAAAAAAAAAaIg4cBEAAH4HlhEHiDhwiDhwiDhoiGIBaIRUAAdAeJBIcIhAAA
138=AgSwCgZEhIAAVISEg4PEA4QIEAROwBkwIwNDhIAwFAREi4gAADeIB4UFRQZAUIREBITEhg
139=ZGCgaFBIAEgJSABAAVQJdgBoUFgBJwgAZQJkcA6wEVQAkQm4vBEGAAQAEBgQQERASAADSE
140=xQeHx4SABAAVgBQA1YDVgBTRA4QAACPEDwAAAnCABUA7waQApAAUgAQAGoAKwBA7iUaLiY
141=aLQAUAhICWQcZBd0DFgHeQo8XA5AIJQeSAwCQEBwjDiIJEwlaACoCVgKoAEDAAAAGCAItA
142=CwApUYOJQAB0CAlEh4kECAmFBIAAJ4iEhwjCucBQbAvKjIwLA4PDhIG0gOtA9DAcC4qEgA
143=LoQCBXh4oJyQYFxYiypIoGhkNW0BZEgVRAgoOABIA7wptAAn2AVAAawKRB1AH0sqeHh4ti
144=HAnGQjVANQAlARVANQI1A7UBEneAVAAUAcSACgH0ABSABMAYQdZCNYAbQJXAhYB3QMrit4
145=eEgDqABQCCcIAF0dQFJKQEBhAUTcQfUJQEQLqAYqFACwAo4EQHjsK0ABvCygAbwFpCNIHk
146=sAwLignCxnO8i8qFguLoYCfHisUqQmtACkCJUzSEBeQQE4XSJERS9QSAOsBCoUAKwKdCe1
147=HnwobAVYK0gATE+0AEQFvCxACkAlJ0AEQAGwFycUALwdWHOgAVQATAdIBkARQA1QCFgBsA
148=WNIjhABFAIJwgAQCtIAFA4UAVMWcQFKOwPfAUnUAAnBAGkAlMpmKhofVaQSIRNWEhMAVAp
149=SABYH0gAuAREDqABVAC8LEgSK4QCKfQHTAQqxARAVVwIbRM8lIpQQUABQBWMcCpEBqwKWC
150=VAH3Qe/FZIKmgAnXrASHtIAE4BlGgtnAUnQARAAUwQSABYFiq8A1gBUAK8LCqUAZACbFtA
151=BEgAuAFQCCcIAEQCjUNAQAFIACeMAEABSABEAqgArAEqFAC8AkyCTItqhJRIQCtIAEAiSA
152=C0Ayq8AEgDSAAoHATsTDCkAKQCtCdIBkgAQApIAERBSCtUAJxBkIZKb0BArApUMEgAbCv8
153=VmErmMQprAF0e1grUCxIAIABLZwFSCdIP0AKRClYECr8ArgBxAKczqwBvAJUAKgAUAJcMi
154=d4BUABRAInaAAtIABYAVQDXAVAAScIAEQCrAEnIAC4AVQAUCBIAEAiSABYAagAWARYAUgA
155=WBZQF0BM3CD8Vjx8AZUDQFgKUFmsW1grUCxIIUgJrAqsAWwr/FZcJkgAfClELFApVACEsM
156=UCnCnYBTKcBUQLSBVcs7wsJyADKSAAwFKkAicUAFAdjAHUq1gBnBdEXMQClANYAcgAQASE
157=AtQDWAEwvACEAoUgZMxYVBJEBUAHVAC0AygcBCzcCqQmtAApvABUD8QOUAKoAKwEKhQArA
158=pQNUgAbCv8VkArqADQVlgrjCjMK1gBSACEAlgETARUAKgArAFUAEQLQApYCkA3fSx8XNcw
159=PAVkAkAcuBNAAYQdxKpYAZwCdBisASp0AEgDUAIqRABYAVACvCasAUBSJwgAdEsivCRYIi
160=t8AYQI/HdMQqwr/FYqrAQqLAC8C4wH1Am0A4EQOKwBRCBAH1gfVApIISecIFAjaAC0J1go
161=SABMAUgAQAFIAKABVABEsFgBJwgARAJMAagLlABALlwIVAxQC1wsVAxYDSo8C5AUZCy0Ep
162=gB1BWsAVwCQAFIAEABSABAAUgAQAGoAKwBKhQAsCmkAkwEQAGEINxWRAJIAFACKBQAjJRE
163=FEATfCCsKwV8eMjAsMDAsEQ1J6QAgBrQAKQIKqwBwAMpGACsCnQe7AqkU0AiSACkI0ABaA
164=BcJkgASCdIACcgACwsADy8ALQDRA68LEAZWBlYAbwXtACcIGhLRBpIAKgYMyAAsAIgA7wA
165=jAQrbAVMB6gAXAu0A1gQUBFIP0ghWBNNTMAjPCwkhCb8LNA+TAdAB1QASAAnIACsAZQJPd
166=wKXCBIALwsJJwgeAHkKUwBSABgLi1EAIwuIAa8AFgHRBpAGVgZUBpIGyk8C3yAKrQCRC8q
167=FANIA6gA8AI6vACcHS1sBS28AMyCWD1QEUgSQBO8KWYsvKgknCbEDnxcVD/ECLACJxQAvB
168=GkDlAIUBpACkgArArcKZTVKAAF7CjUA1gBSACkKYzcRAWoAEQmyACUAyADvABAB0gGRBFA
169=EFoQOEBIhEgAJ5AIdBgpzAInXABgAZQYYAFUG6wEtDCsAdQDdCHMKyoUDymMAMwrSDxAEF
170=gQLdwKUoPIxFyDSCpIACACPAKEDkQaTCtYGVgKrAq0IVAdaACcI7xQfAKYASdcAKQC1ANI
171=LUgAgATEAkwBSABQAkgAoAFUADJ8Fiq8ACqcBVQkRCZIAFAgSABAAUgAQAFIAEABqACsAS
172=oUAFwCWAFIAEABSABAAUgAQAEiXipoUEABSACkAtQALRwE7KMr3grAsClsBWg5rAeoCScs
173=ALgBdAApTAFQNUgAbCsmnCBgKCfcJVAjSACEI7wCdCpEAqgAXAKgASAvvAADwJxouJhoEQ
174=AA

[Map]
Theater=URBAN
Size=0,0,60,60
LocalSize=2,4,56,50

[Waypoints]
0=103056
1=64018
2=23064
3=56100
98=60060

[IsoMapPack5]
1=mw0AIAk8AAEAjwAAAAACADtOAI0AQwACADxJAYNEAVkAPU0Ah6gBAToAAwDBBDtIAcEEPC
2=gpAD0oKQA+SAHbBjkABPkGOkgB2QY7KCkAPCgpAD0oKQA+KCkAP0gB0wk4AAXxCTlIAdEJ
3=OigpADsoKQA8KCkAPSgpAD4oKQA/KCkAQEgByww3AAbpDDhIAckMOSgpADooKQA7KCkAPC
4=gpAD0oKQA+KCkAPygpAEAoKQBBSAHDDzYAB+EPN0gBwQ84KCkAOSgpADooKQA7KCkAPCgp
5=AD0oKQA+KCkAPygpAEAoKQBBKCkAQkgB2xE1AAj5ETZIAdkRNygpADgoKQA5KCkAOigpAD
6=soKQA8KCkAPSgpAD4oKQA/KCkAQCgpAEEoKQBCKCkAQ0gB0BQDNAAJANoBX1MCADVJAYxE
7=AUFWNkgBJ74CCQDJATgoVQA5KCkAOigpADsoKQA8KCkAPSgpAD4oKQA/KCkAQCgpAEEoKQ
8=BCKCkAQygpAERIAcgXAjMACgAmSBcBAQIANMkBAnYYCgAnFQMK6Rc3QAQnFAMnVQA5KFUA
9=OigpADsoKQA8KCkAPSgpAD4oKQA/KCkAQCgpAEEoKQBCKCkAQygpAEQoKQBFSAHDGjIAC4
10=AaQTAzyAGMG7QCjRsLKG0DCyhsAycpADhYBtkcOSgpADooKQA7KCkAPCgpAD0oKQA+KCkA
11=PygpAEAoKQBBKCkAQigpAEMoKQBEKCkARSgpAEZIAdgcAjEADAD5XDZZHDJIAWg4SQEzyA
12=GFHgycIIUeDCjFAwwoxAMnKQA4WAYnxAMnVQA6KFUAOygpADwoKQA9KCkAPigpAD8oKQBA
13=KCkAQSgpAEIoKQBDKCkARCgpAEUoKQBGKCkAR0gB0B8CMAANAPexHzFJAfCpATJIAScdBA
14=2QH5wgqAGfIA0AkO9zDQCIqQE3WAbJATgoKQA5KCkAOigpADsoKQA8KCkAPSgpAD5IAcUp
15=P0gB3QpAKCkAQSgpAEIoKQBDKCkARCgpAEUoKQBGKCkARygpAEhJAYu3GC8ADukiMEkB7a
16=kiMUgBJ3UEDogilESoAZQjqAGUIycFATZZBu+lCDcoKQA4KCkAOSgpADooKQA7KCkAPCgp
17=AD1JAfGxCT5JAY69FT9IAck4QEgB1Q1BKCkAQigpAEMoKQBEKCkARSgpAEYoKQBHKCkASC
18=gpAElIAc8QLgAP4SUvSAHBJTAoKQAxSAEnzQQPKMwEqAGMJqgBjyYPAPatGzZYBtEJNygp
19=ADgoKQA5KCkAOigpADtJAfKlCDwoKQA9SQH0tQI+SQGS7yYPAPq1AkBUAtkGQSgpAEJIAc
20=0QQygpAEQoKQBFKCkARigpAEcoKQBIKCkASSgpAEpIAdsnLQAQ+ScuSAHVDS8oKQAwKCkA
21=MUgBJyUFECgkBagBhCmoAYUpECgmBRAA3Qo3RAjJATgoKQA5KCkAOkgByQw7SQG1tSM8yA
22=FJDD3IAUkMPsgBAQMCAD/IAQEEAgBAyAEBBQIAQcgBAQYCAEJIAcE7Q0gBzRBEKCkARSgp
23=AEYoKQBHKCkASCgpAEkoKQBKKCkAS0gB0yosABHxKi1IAdUNLigpAC8oKQAwKCkAMUgB0R
24=8ySAEn7RMRiC1RHzTUAlEfNUgBwRo2SAHJDDcoKQA4KCkAOSgpADpIAckMO0gBfSsHImYu
25=EQBoAQEIAgA91AIBCQIAPskBCnwroQQLfCupAQx8K6kBDX0rEfk9Q1gG2RFEKCkARSgpAE
26=YoKQBHKCkASCgpAEkoKQBKKCkASygpAExIAcstKwAS6S0sSAHBDy0oKQAuKCkALygpADAo
27=KQAxSAHJIjJIASfVBRIo1AWoAZUuEvkcNkwF1Q03KCkAOCgpADkoKQA6SAHJDDtIAWktDn
28=UuEpUuD3QuqQEQdC6pARF0LqkBEnQuqQETdC6pARR0Lic5AkNcCtkRRCgpAEUoKQBGKCkA
29=RygpAEgoKQBJKCkASigpAEsoKQBMKCkATUkB9a9zKgAT4TArSAHNECwoKQAtKCkALigpAC
30=8oKQAwKCkAMUgBwSUySAEnLQYTKCwGqAGNMRMoLQYTKIQRJykAOEQI2RE5KCkAOkgByQw7
31=SAFtMRVtMRONMRZsMakBF2wxqQEYbDGpARlsMakBGmwxqQEbbDEnOQJDXArBD0QoKQBFKC
32=kARigpAEcoKQBIKCkASSgpAEooKQBLKCkATEgB1RhNSQGTocpOSQH9uzIpABT5MipIAdkR
33=KygpACwoKQAtKCkALigpAC8oKQAwKCkAMUgBwQ8ySAEnhQYUKIQGqAGFNBQohQYUKIQGJy
34=kAOEQIxRM5KCkAOigpADtIASUpITxIAc1+PUkBCrkcPsgBUaM/SAEnBiIUANkGQVQCyQFC
35=SAHVDUMoKQBEKCkARSgpAEYoKQBHKCkASCgpAEkoKQBKKCkASygpAEwoKQBNSAHJF05IAd
36=E1T0gBJccvKAAV8TUpSAHRFCooKQArKCkALCgpAC0oKQAuKCkALygpADAoKQAxSAEn3QYV
37=kDUj5CioAVknNEAEdDmdNhUo3QYVKNwGJykAOEwF0RQ5KCkAOigpADsoKQA8SAHBDz1IAS
38=feBhUAaAFBDz9UAsXZQEgB3QpBKCkAQigpAEMoKQBEKCkARSgpAEYoKQBHKCkASCgpAEko
39=KQBKKCkASygpAEwoKQBNKCkATkgB2UhPSAHRFFBIAcA7AicAFgD7rVIoSAElLScpKCkAKi
40=gpACsoKQAsKCkALSgpAC4oKQAvKCkAMCgpADFIASU9KTJIAXw2lTkWgDtRKjTUApU5FiaV
41=KTZUAsUTNygpADgoKQA5KCkAOigpADsoKQA8SAHBDz1JATVEHlUNPsgBVQ0/SAEnTisWAN
42=UNQVQCyQFCKCkAQygpAEQoKQBFKCkARigpAEcoKQBIKCkASSgpAEooKQBLKCkATCgpAE0o
43=KQBOKCkATygpAFAoKQBRSAHc2wImABcAKrkcJ8gBWRwoSQElVAJVLikoKQAqKCkAKygpAC
44=woKQAtKCkALigpAC8oKQAwKCkAMSgpADJJASy1DTPIAVUuNMgBWRE1SAFwFFkRNsgBQQQ3
45=yAFBBDhIAd0VOSgpADooKQA7KCkAPEgBYTsEbuEXAGkBBWzhqQEGbOGpAQdu4RcA3QpBWA
46=bJAUIoKQBDKCkARCgpAEUoKQBGKCkARygpAEgoKQBJKCkASigpAEsoKQBMKCkATUgB3SBO
47=yAFdIE/IAV0gUEgB0RRRKCkAUigrACUAGJg9AQMCACbIAV0gJ8gBXSAoSAFkCF0KKSgpAC
48=ooKQArKCkALCgpAC0oKQAuKCkALygpADAoKQAxKCkAMkgBZD9ZETPIAVkRNMgBWRE1SAFk
49=HkEENsgBQQQ3yAFBBDhIAd0VOSgpADooKQA7KCkAPEgBeD0jHTAYhD8jHDCoASMcMKgBIx
50=0wGIQ/XSBBWAbJDEIoKQBDKCkARCgpAEUoKQBGKCkARygpAEgoKQBJKCkASigpAEsoKQBM
51=KCkATUgB3SBOyAFdIE/IAV0gUEgB0RRRKCkAUigpAFMoKwAkABkmMU4lSAF8ClleJsgBWV
52=4nyAFBJShIAXwKUUspKCkAKigpACsoKQAsKCkALSgpAC4oKQAvKCkAMCgpADEoKQAySAF8
53=QVkRM8gBWRE0yAFZETVIAd0VNsgBQQQ3yAFBBDhIAd0VOSgpADooKQA7KCkAPEgBfUEMZY
54=EZnUENZIGpAQ5kgakBD2WBGZxBXSBBWAbJDEIoKQBDKCkARCgpAEUoKQBGKCkARygpAEgo
55=KQBJKCkASigpAEsoKQBMKCkATUgB3SBOyAFdIE/IAV0gUEgB0RRRKCkAUigpAFMoKQBUKC
56=sAIwAaJqkmJEgBJWUjJUgB0fAmyAFdYifIAUkiKEgBJXEqKUgBJSkhKigpACsoKQAsKCkA
57=LSgpAC4oKQAvKCkAMCgpADEoKQAySQHz/sUaAMkBNFQC0do1SQExoQQ2yAFdFTfIAV0VOE
58=gB3RU5SAHdFTooKQA7KCkAPCgpAD0oKQA+KCkAPygpAEAoKQBBKCkAQigpAEMoKQBEKCkA
59=RSgpAEYoKQBHSAEl+SVISQHXoRpJSAEBFgIAAE3hSkkB07UCS0kB0akBTEgBJZU0TUgB3T
60=ZOyAFdIE/IAV0gUEgB3SBRSAHdIFIoKQBTKCkAVCgpAFVIAccTIgAb4UYjSAEl5SgkSAEn
61=7QgbI9QmXRUmVAJ4EU0QJ8gBTRAoSAElSSUpSAElHSUqKCkAKygpACwoKQAtKCkALigpAC
62=8oKQAwKCkAMUgBJVknMkoBWgOZJzNJATJMJlkRNMgBWRE1SAFsR4bOGwBoAUWtN9QCRa04
63=SAElQS85SAHFHjooKQA7KCkAPCgpAD0oKQA+KCkAPygpAEAoKQBBKCkAQigpAEMoKQBEKC
64=kARSgpAEYoKQBHSAHBMEhIASfuCBsA1URKVALVREtIAcEETEkB0EgiUTVNSAFwNUkBTsgB
65=QSVPyAFBJVBIAd02UUgB3TZSKCkAUygpAFQoKQBVSAHNJlZIAdtIIQAc+UgiSAHBBCMoKQ
66=AkSAHBGiVIAcUTJsgBRRMnyAFFEyhIAUQ8aWQpKCkAKkkB2K0bK0gB2RwsKCkALUkB1KEE
67=LkgBwQQvSAHUAgUwABwA0AEAABEAAPQNACAIAAIAMQAcANIBAABIAQIyABwAMkgBAQMCAD
68=PIAQEEAgA0yAEBBQIANUkBMUAEAQYCADbIAQEHAgA3yAEBCAIAOEkB9kAEUQk5SQHtqQE6
69=KCkAOygpADwoKQA9KCkAPigpAD8oKQBAKCkAQSgpAEIoKQBDKCkARCgpAEUoKQBGKCkAR0
70=kB8KUTSEkB16kBSUoBFgKdIEpJAdC1AktIAdUCTEkB07UCTUkBJqkBTsgBAQECAE/IAQEC
71=AgBQSAHFCFEoKQBSKCkAUygpAFRIAcEwVUgB2SdWSAHZJ1dJAfG0DQIgAB0A96kBIUgBwQ
72=QiKCkAIygpACRIAdkcJUgB3RUmyAFdFSfIAV0VKEgB3RUpSQHUqQwqSAHRHysoKQAsSQHR
73=oQQtSAFEJm1HLkkB3bUCL0gB1QIwSAHdKzFIAdkGMkgBfExZSDPIAVlINMgBWUg1SAF9TA
74=l+TB0AaQEKfEypAQt+TB0AwSU5TAXdIDooKQA7KCkAPCgpAD0oKQA+KCkAPygpAEAoKQBB
75=KCkAQigpAENJAfK5HERIAcEPRSgpAEYoKQBHSAHBMEhJAdu5BklIAdlISkgB3StLSAHVI0
76=xJAf2tBU1IAd02TsgBXTZPyAFdNlBIAcUIUSgpAFIoKQBTKCkAVEgByQxVSAHZJ1ZIAdUY
77=VygpAFhIActOHwAe6U4gSAHNBSEoKQAiKCkAIygpACRIAdEfJUgB1RgmyAFVGCfIAVUYKE
78=gBxRMpSAHNRypIAc1HK0gB2RwsKCkALUgBwWcuSAHZBi8oKQAwSAHFCDFIAckMMkgBdE9R
79=SzPIAVFLNMgBUUs1SgFYA1gJdE8n8QM3VQLvuTI4SAHdIDkoKQA6KCkAOygpADwoKQA9KC
80=kAPigpAD8oKQBAKCkAQSgpAEJIAcUpQ0gBXBJ9bURIAck4RUgB2RFGKCkARygpAEhIAckX
81=SUgBwTtKSAHVI0tIAd0rTEgB2X9NSAHdNk7IAV02T8gBXTZQSAHZBlEoKQBSKCkAUygpAF
82=RIAcEwVUgByRdWSAHJF1coKQBYKCkAWUgB3xUeAB/hUR9IAdkGICgpACEoKQAiKCkAIygp
83=ACRIAcUpJUgBzRsmyAFNGyfIAU0bKEgBzRspSAHRoypIAdUCKygpACwoKQAtKCkALkgB2V
84=MvSAHdNjBIAdUuMUgB0QkySAHZETPIAVkRNMgBWRE1SAHBvzZIAdEfNygpADgoKQA5KCkA
85=OigpADsoKQA8KCkAPSgpAD4oKQA/KCkAQCgpAEEoKQBCSAHFKUNIAc0bREgBwTtFSAHRFE
86=YoKQBHKCkASCgpAElJAfSla0pIAdUjS0gBwUZMSAEnRhQfAMElTlQCaAFBJU/IAUElUEgB
87=0SpRKCkAUigpAFMoKQBUSAHJDFVIAckXVkgByRdXKCkAWCgpAFkoKQBaSAHbUx0AIPlTHk
88=gBxQgfKCkAICgpACEoKQAiKCkAIygpACRIAd0rJUgBeBwBAAIAJsgBRR4nyAFFHihIAcHK
89=KSgpACooKQArSAHJIiwoKQAtKCkALigpAC9IAdl/MEgB3QoxKCkAMkgB2REzyAFZETTIAV
90=kRNUgBxSk2SAHdIDcoKQA4KCkAOSgpADooKQA7KCkAPCgpAD0oKQA+KCkAPygpAEAoKQBB
91=KCkAQkgBxSlDSAEnpQogJv0gRVQC0RRGKCkARygpAEhIAcUISUkB3OZVIADVI0tUAskBTE
92=gB2SdNSAHBJU7IAUElT8gBQSVQSAHZMlEoKQBSKCkAUygpAFRIASekCifpAlZUAskXVygp
93=AFgoKQBZKCkAWkgB1RhbSAHHExwAIfFWHUgB0QkeKCkAHygpACAoKQAhKCkAIigpACMoKQ
94=AkSAHVDSVIAdUNJsgBXSAnyAFdIChIAcmbKUgBwdUqSAHFaytIAdGCLEgBzSYtKCkALkgB
95=1SMvSAHRCTBIAdEJMUkB9b02MkkBOKkBM8gBWRE0yAFZETVJAfqhBDZIASWxJzcoKQA4KC
96=kAOSgpADooKQA7KCkAPCgpAD1IAd0rPigpAD8oKQBAKCkAQSgpAEJIAcUpQ0gBJ/0KISj+
97=CiEA3QpGQATJAUcoKQBIKCkASUgBySJKKCkASygpAExIAdUuTUgB3TZOyAFBJU/IAUElUE
98=gB2V5RKCkAUkgBxTRTSAHBBFRJAdWxKlVIAd2DVkgB3RVXKCkAWCgpAFkoKQBaSAHdIFtI
99=AcUTXMgBRBMCGwAiAPupDBxIAd0KHSgpAB4oKQAfKCkAICgpACEoKQAiKCkAIygpACRIAc
100=0QJUgBzRAmyAFNECfIAVUjKEgB2UgpSAHZSCpIAcndK0gBJ1YLIgDNJi1UAskBLkgBJ1YL
101=IgDRCTBUAsUIMUkB2qUeMkgBdVoEIuY+IgBpAQUi5D6pAQYi5D6pAQciTysiAOd8SCJENa
102=gBSRc4RAh0AkkXOUkB6aEEOigpADtJAcS1AjzIAVkGPUgB1Tk+SAHVLj8oKQBAKCkAQSgp
103=AEJIAcUpQ0gBeApd20RIAdEJRUgB0QlGKCkARygpAEgoKQBJKCkASigpAEsoKQBMSAHVDU
104=1IAd02TsgBVRhPyAFRH1BIAcGIUUgB0WFSSQHZqS1TSAHBBFRIAdlpVUgB3RVWKCkAVygp
105=AFgoKQBZKCkAWkgBxRNbSAHFE1zIAUUTXcgBRxMaACMj6CNVAhvIAVUCHEgBzSYdSAHNEB
106=4oKQAfKCkAICgpACEoKQAiKCkAIygpACRIAcUTJUgBxRMmyAFNECfIAU0QKEgBJYEsKSgp
107=ACooKQArSAHVWiwoKQAtKCkALigpAC9IAdEJMCgpADFIAdFhMkgBYVwIbV0jjV0JbF2pAQ
108=psXakBC21dI41dA2xdqAFJZDhECGxdSWQ5SAFsXUEaOigpADtIAWxdTRs8yAFFCD1IAckt
109=PkgByS0/KCkAQCgpAEEoKQBCSAHFKUNIASetCyMoBRcjKAQXJykAR0wFyQxIKCkASSgpAE
110=ooKQBLKCkATEgB1Q1NSAHdNk7IAVkcT8gBTRtQSAHBGlFIAdkGUkgBJ6wLJ5ECVFQC2RFV
111=KCkAVigpAFcoKQBYKCkAWSgpAFpIAckMW0gBxRNcyAFFE13IAUUTXkkB+b9tGQAkmF5dgx
112=rIAU0FG8gBTQUcSAHVGB1IAdEUHigpAB8oKQAgKCkAISgpACIoKQAjKCkAJEgB3RUlSAHd
113=FSbIAU0QJ8gBTRAoSAHBXCkoKQAqKCkAKygpACwoKQAtKCkALigpAC8oKQAwKCkAMUgBJw
114=UMJJleDGRgqQENZGCpAQ5lYCQmWSc2WAbNlDcoKQA4KCkAOSgpADpIAcGeO0kBCKEwPMgB
115=RR49SAHJLT5IAcktPygpAEAoKQBBKCkAQkgBxSlDSAEnBQwkKAUMJCgEDCcpAEdMBckMSC
116=gpAEkoKQBKKCkASygpAExIAdUNTUgB3TZOyAFVGE/IAV02UEgBwetRSAHB61JIAScFDCTl
117=71RUAtn4VUgBxRNWKCkAVygpAFgoKQBZKCkAWkgBxRNbSAHFE1zIAUUTXcgBRRNeSAHJLV
118=9IAdgyARgAJQAnXQwlKFwMqAFFCBtABHwKRQgcSAHFCB1IAd0VHigpAB8oKQAgKCkAISgp
119=ACIoKQAjKCkAJEgB1RglSAF0DU1zJsgBTRAnyAFNEChIASddDCUmkSMqKFUAKygpACwoKQ
120=AtKCkALigpAC8oKQAwKCkAMSgpADJIAdkRM8gBWRE0yAFZETVIAckiNkgBySI3KCkAOCgp
121=ADkoKQA6SAHFHjtIAXxiUQk8yAGFwyXpWT5UAt0KPygpAEAoKQBBKCkAQkgB3QpDSAEnXA
122=wnMQFFVALRCUYoKQBHKCkASCgpAElIAdlTSigpAEsoKQBMSAHBXE1IAcElTsgBQSVPyAFN
123=G1BIAdHwUSgpAFJIAdU5U0gBwQRUSAElnUtVSAHdK1ZIAckXVygpAFgoKQBZKCkAWkgB3S
124=BbSAHFE1zIAUUTXcgBRRNeSAHJDF9IAckMYEgBy2QXACbtnxhIAd0KGUgB3QoayAFdChvI
125=AV0KHEgB3QodSAHdCh4oKQAfKCkAICgpACEoKQAiKCkAIygoAFHXAMwQUHTldiZABHgRTR
126=AnyAFNEChIAd0rKSgpACooKQArKCkALCgpAC0oKQAuKCkALygpADAoKQAxKCkAMkgBbBBR
127=dzPIAVkRNMgBWRE1SAHRozZIAdFLNygpADgoKQA5KCkAOkgB3Uw7SAF0ZQEEAgA8yAEBBQ
128=IAPUgB3Qo+SAHdCj8oKQBAKCkAQSgpAEJIAd0KQ0gBJ7UMJulvRVQC3TZGKCkARygpAEhI
129=Ac0xSUgBJyZHJgAlzUZLVALJAUwoKQBNSAHBJU7IAUElT8gBQSVQSAHdNlEoKQBSKCkAUy
130=gpAFRIAdn4VUgByU5WSAHJF1coKQBYKCkAWSgpAFpIAdUYW0gBxRNcyAFFE13IAUUTXkgB
131=yQxfSAHJDGAoKQBhSAHDZxYAJ+FnF0gBzQUYSAHVDRlIAdUNGsgBVQ0byAFVDRxIAdUNHU
132=gBxQgeKCkAHygpACAoKQAhKCkAIigpACMoKQAkSAHNECVIAc0QJsgBTRAnyAFNEChIAc0x
133=KSgpACooKQArKCkALCgpAC0oKQAuKCkALygpADAoKQAxKCkAMkgB2REzyAFZETTIAVkRNU
134=kBtSQdJTbIAUEEN8gBQQQ4yAFVyDnIAVVlOsgBVWU7yQEGbmgnANEJPdQCUQk+yAFRCT/I
135=AVEJQMgBUQlByAFRCULIAQUGAgBDACcAABEAAKQOACAJAAAAAAIARAAnAPYBiAECRQAnAO
136=2pAUYoKQBHKCkASCgpAElJAe+tBUooKQBLKCkATEkB8aEETUkBJqkBTsgBAQECAE/IAQEC
137=AgBQSgEWAo0QUSgpAFIoKQBTKCkAVEkB0bEJVUgByRdWSAHJF1coKQBYKCkAWSgpAFpJAf
138=ClCFtIAcUTXMgBRRNdyAFFE15IAckMX0gByQxgKCkAYSgpAGJIAcQeAhUAKAD3qQwWSAHZ
139=BhcoKQAYSAHNEBlIAc0QGsgBTRAbyAFNEBxIAc0QHUgB0QkeKCkAHygpACAoKQAhKCkAIi
140=gpACMoKQAkSAHNECVIAc0QJsgBTRAnyAFNEChIAcU0KSgpACooKQArKCkALCgpAC0oKQAu
141=KCkALygpADAoKQAxKCkAMkgB2REzyAFZETTIAVkRNUkBtVwrAQcCADbIAQEIAgA3yAEBCQ
142=IAOMgBAQoCADnIAQELAgA6yAEBDAIAO8gBAQ0CADzIAVEJPcgBAQgCAD7IAVEJP8gBUQlA
143=yAFRCUHIAVEJQsgBUQlDSAFAWaVrKChlDSgoZA0nKQBHTAXVOUgoKQBJKCkASigpAEsoKQ
144=BMSAHdNk1IAcElTsgBQSVPyAFBJVBIAd02USgpAFIoKQBTKCkAVEgBJ2QNJ+kCVlQC0RRX
145=KCkAWCgpAFkoKQBaSAHFE1tIAcUTXMgBRRNdyAFFE15IAdVaX0kB8lQ5AQACAGAoKQBhKC
146=kAYigpAGNIAdNsFAAp8WwVSAHRFBYoKQAXKCkAGEgBxRMZSAHFExrIAUUTG8gBRRMcSAHF
147=Ex1IAd0KHkgB0RQfKCkAICgpACEoKQAiSAHZBiMoKQAkSAHNECVIAc0QJsgBTRAnyAFNEC
148=hJAdOpIikoKQAqSAHVOSsoKQAsSAHNBS0oKQAuSAHNBS8oKQAwSAHNBTEoKQAySAHZETPI
149=AVkRNMgBWRE1SAF9bQ5+bSkAaQEPfG2pARB8baoBEQJcbakBEnxtqgETAlxtqQEUfG2oAV
150=EJPdwKUQk+yAFRCT/IAVEJQMgBUQlByAFRCULIAVEJQ0gBJ70NKSi9DSkovA0nKQBHTAXZ
151=MkgoKQBJKCkASigpAEsoKQBMSAHdNk1IAcElTsgBQSVPyAFBJVBIAdUuUSgpAFIoKQBTKC
152=kAVEgBJ7wNJ+kCVlQC0RRXKCkAWCgpAFkoKQBaSAHFE1tIAcUTXMgBRRNdyAFFE15JAfil
153=Sl9JAbmpAWDIAU0FYcgBTQViyAEBAwIAY0gB0WFkSAHLbxMAKulvFEgB3RUVKCkAFigpAB
154=coKQAYSAHdFRlIAd0VGsgBTRAbyAFNEBxIAcEPHUgB2QYeSQG6qRcfyAFZBiDIAVkGIcgB
155=SRciSAHFCCNIAdEUJEgB0QklSAHNECbIAVEJJ8gBUQkoSAHZ+ClIAdEfKkkB160QK0gByT
156=gsSAHNBS1IAc0FLkgBzQUvSAHNBTBIAc0FMUgBzQUySAHZETPIAVkRNMgBWRE1SAFpbxV1
157=cCqUcE1NN9UCF3RwtQIYdHCqARkCVN6pARp0cKkBG3RwqAFRCT3ECFEJPsgBUQk/yAFRCU
158=DIAVEJQcgBUQlCyAFRCUNIAScVDiooFQ4qKBQOJykAR0wFzTFIKCkASSgpAEooKQBLKCkA
159=TEgB3TZNSQE4oTBOyAFBJU/IAUElUEkB26EEUUgBwZ5SKCkAUygpAFRJAdWtBVVJAfqpAV
160=ZIAdW9VygpAFgoKQBZKCkAWkkB9LkGW0kBOUgBWRFcyAFZEV3IAU1SXkgBJxYOKgB1cAR0
161=3qgBAQUCAGFABHQCAQYCAGLJAQd0cCdRBWRUAtknZUgBz0cSACvhchNIAcEEFCgpABUoKQ
162=AWKCkAFygpABhIAd0rGUgBwVEayAFBGhvIAUEaHEgBxWsdSAHZBh5IAWxzQRofyAFBGiDI
163=AUEaIcgBQRoiSAHFCCNIAd0VJEgB0QklSAHNECbIAU0QJ8gBTRAoSAHRNSlIAcEwKkgB3W
164=0rSAHdbSxIAc0FLUgBzQUuSAHNBS9IAc0FMEgBzQUxSAHNBTJIAdkRM8gBAQECADTIAQEC
165=AgA1SAFtcwBtcyuMc0EEN9QCQQQ4yQEDbHOhBARsc6oBBQJE5KkBBmxzqAFRCT3YBlEJPs
166=gBUQk/yAFRCUDIAVEJQcgBUQlCyAFRCUNIASdtDisobQ4rKGwOJykAR0wFzTFIKCkASUgB
167=0WFKKCkASygpAExIAcElTUgBbHNZEU7IAVkRT8gBWRFQyAEBBwIAUUkB6msTAgBSSQHwSA
168=FZHFMoKQBUKCkAVSgpAFZJAclMBVUjV8gBWQZYSAHFCFkoKQBaSAFgck0QW8gBTRBcyAFN
169=EF3IAQEIAgBeSAEnbQ4rjHNVAmBUAmFyCWxztQIKbHOpAQtscydRBWRMBdknZSgpAGZIAd
170=h0AhEALAAFXINBDxJIAcVgE0gB2QYUKCkAFSgpABYoKQAXKCkAGEgB1WUZSAHZUxrIAUki
171=G8gBQUYcSAHVDR1IAdkGHkgBZHZZHB/IAVkcIMgBWRwhyAFZHCJIAcUII0gB3RUkSAHRCS
172=VIAc0QJsgBTRAnyAFNEChJAdBQH102KSgpACpIAUDPIsE0KygpACxIAc0FLSgpAC5IAc0F
173=LygpADBIAc0FMSgpADJIAdkRM8gBWRE0yAFZETVIAWR2TTE2yAFdIDfIAV0gOMgBXSA5yA
174=FdIDrKAQwCRXYsgH0BDQIAPNQCUQk9yQEIIgw5oARRCT/UAlEJQMgBUQlByAFRCULIAVEJ
175=Q0gBfFtBJURIAdUuRUgB1S5GKCkARygpAEhIAc0xSUkB3KktSkkB1KkBSygpAExJAda1Ak
176=1IAWR2XRVOyAFdFU/IAV0VUMgBXRVRSAFkdkUpUkkB8FQUSZBTKCkAVCgpAFUoKQBWSAFk
177=dlUuV8gBWQZYSAHFCFkoKQBaSAFkdkEPW8gBQQ9cyAFBJV3IAUElXkgBJ8UOLIR2QQRgVA
178=JkdkEEYckBDmR2oQQPZXYs+aBkQATRKmUoKQBmKCkAZ0gB03cQAC2Qd1kyEcgBXSASSAHF
179=NBNIAdEJFCgpABUoKQAWKCkAFygpABhIAd02GUgB0VYayAFJDBvIAVknHEgB1Q0dSAHZBh
180=5IAXx4UR8fyAFRHyDIAVEfIcgBUR8iSAHFCCNIAd0VJEgB0QklSAHNECbIAU0QJ8gBTRAo
181=SAHVcCkoKQAqKCkAKygpACwoKQAtKCkALigpAC8oKQAwKCkAMSgpADJIAdkRM8gBWRE0yA
182=FZETVIAXx4WRw2yAFZHDfJARAiVSwtmXQRZO+pARJk76oBEwJceKkBFHx4qAFRCT3ECFEJ
183=PsgBUQk/yAFRCUDIAVEJQcgBUQlCyAFRCUNIAURkaZtESAHVLkVIAdUuRigpAEcoKQBIKC
184=kASUgBJ5ZVLQDJAUsoVQBMSAHZU01IAXx4UUBOyAFRQE/IAUEaUEkB+61+UUgB0QlSKCkA
185=U0gB0QlUSQG0rQVVyAFVLlbIAVUuV8gBnngtAGwFSf5Z1AJZ7VrIAVntW0gBaHpZJ1zIAV
186=knXcgBWSdeSAEnHQ8tnHhNBWBUAnx4TQVhyAFNBWLIAUktY0gB0SpkSAHRKmUoKQBmKCkA
187=ZygpAGhIAdgcAg8ALgD5uRwQSAFo800bEcgBTRsSSAHJDBNIAckMFCgpABUoKQAWKCkAFy
188=gpABhIAcVrGUgByVkayAFRKhvIAUEPHEgB1Q0dSAHZBh5IAXR7SSIfyAFJIiDIAUkiIcgB
189=SSIiSAHFCCNIAd0VJEgB0QklSAHNECbIAU0QJ8gBTRAoSAEndg8uAMkBKihVACsoKQAsKC
190=kALSgpAC4oKQAvKCkAMCgpADEoKQAySAHZETPIAVkRNMgBWRE1SAF1exUiXS0unHhJEjfV
191=Ahd0e7UCGHR7qQEZdHupARp0e6kBG3R7qAFRCT3ECFEJPsgBUQk/yAFRCUDIAVEJQcgBUQ
192=lCyAFRCUNIASd1Dy7hykVUAtUuRigpAEcoKQBIKCkASSgpAEooKQBLKCkATEgB3TZNSAHB
193=JU7IAUElT8gBQSVQSAHZEVFIASUJM1JIASXpLlNIASWRLlRIAWR2AQcCAFXIAQEIAgBWyA
194=FV/1fIAVHwWMgBUfBZyAFFjFrIAUWMW0gBxRNcyAFFE13IAUUTXkgBJ3UPLpR7UaNgVAJ0
195=e00xYcgBTTFiyAFNMWNIAclZZEgB0SplKCkAZigpAGcoKQBoKCkAaUgBw30OAC8mfTwPSA
196=HRKhBIAWx+RZcRyAFFlxJIAcEPE0gBwQ8UKCkAFSgpABYoKQAXKCkAGEgByQwZSAHVIxrI
197=AVUjG8gBVSMcSAHVDR1IAdkGHkgBbH5BJR/IAUElIMgBQSUhyAFBJSJIAcUII0gB3RUkSA
198=HRCSVIAc0QJsgBTRAnyAFNEChIAUwKYdUpKCkAKigpACsoKQAsKCkALSgpAC4oKQAvKCkA
199=MCgpADEoKQAySAHZETPIAVkRNMgBWRE1SAHJWTYoKQA3KCkAOEoB//9IBG1+L1wASABsfi
200=cpADtABEwCYRo8KCkAPSgpAD4oKQA/KCkAQCgpAEEoKQBCKCkAQygpAERIAdFsRUgB0WxG
201=KCkARygpAEgoKQBJKCkASigpAEsoKQBMSAHZdE1IAcElTsgBQSVPyAFBJVBIAdkcUSgpAF
202=IoKQBTKCkAVEgBbX4ObX4vgfYPbH6oAU3LV8AETctYyAFNy1nIAU3LWsgBTVJbSAHFE1zI
203=AUUTXcgBRRNeSAEnzQ8vjH5NqmBUAmx+TaphyAFNqmLIAU2qY0gByVlkSAHJWWUoKQBmKC
204=kAZygpAGgoKQBpKCkAakgB238NADD5fw5IAd0KD0gByWQQSAFkgQEGAgARyAFRoxJIAdkR
205=E0gB2QYUKCkAFSgpABYoKQAXKCkAGEgByQwZSAHNJhrIAU0mG8gBTSYcSAHVDR1IAdkGHk
206=gBZIFZJx/IAVknIMgBWSchyAFZJyJIAcUII0gB3RUkSAHQCQolADAAJgEAAAACACYAEQAA
207=6A0AIAgwACYBAAABAgAnAKgBAQICAChIAQXTAQAAAAIAKUoBFgKJASooKQArKCkALCgpAC
208=0oKQAuKCkALygpADAoKQAxKCkAMkgBbBBVDTPIAQEBAgA0yAFZETVKAf//jRA2SQHYpRM3
209=SQHUqQE4KCkAOSgpADooKQA7KCkAPCgpAD0oKQA+KCkAPygpAEAoKQBBKCkAQigpAEMoKQ
210=BEKCkARSgpAEYoKQBHKCkASCgpAEkoKQBKKCkASygpAExJAdC5HE1IAcElTsgBQSVPyAFB
211=JVBIAVgkfTZRKCkAUigpAFMoKQBUSQG0XAoBFQIAVcgBXTxWyAEBFwIAV8gBARgCAFjIAQ
212=EZAgBZyAEBGgIAWsgBARsCAFtIAcUTXMgBRRNdyAFFE15JAfZUDU08X0kB76kBYCgpAGEo
213=KQBiKCkAY0kB7a0FZCgpAGUoKQBmKCkAZygpAGgoKQBpKCkAaigpAGtJAfG8CgIMADEA96
214=kBDUgB1Q0OKCkAD0kB8KEEEEkBBakBEcgBWRwSSAHNGxNIAcUIFCgpABUoKQAWKCkAF0kB
215=8rEJGEgByQwZSAHFKRrIAUkMG8gBRSkcSAHVDR1IAdUNHkgB0SofSQHzvQogKCkAIUgBwQ
216=QiSAHZBiMoKQAkSAHNECVIAc0QJsgBTRAnyAFNEChIAd1MKUkB17UNKkgBSEh1TysoKQAs
217=KCkALSgpAC4oKQAvKCkAMCgpADEoKQAySAHZETPIAVkRNMgBWRE1SAHZETZJAdm5ETdIAc
218=E7OEgB0R85KCkAOigpADsoKQA8KCkAPSgpAD4oKQA/KCkAQCgpAEEoKQBCKCkAQygpAEQo
219=KQBFKCkARigpAEcoKQBIKCkASSgpAEooKQBLSAHdV0xIAcEwTUgBwSVOyAFBJU/IAUElUE
220=gBwSVRKCkAUigpAFMoKQBUSAHZJ1VIAdknVkgBwQ9XSQHaqS1YSAHNBVlIAc0FWkgBzQVb
221=SAHFE1zIAUUTXcgBRRNeSAHVWl9IAdlTYCgpAGEoKQBiKCkAYygpAGQoKQBlKCkAZigpAG
222=coKQBoKCkAaSgpAGooKQBrKCkAbEgB1xgLADLphQxIAdEUDSgpAA4oKQAPSAHZaRBIAXSG
223=WRwRyAEBAwIAEkgBxR4TSAHRCRQoKQAVKCkAFkkB9KktF0gByTgYSQH4tQIZSAHdKxrIAV
224=0rG8gBQQ8cSAHVDR1IAdUNHkgB0RQfSAHB6yBJAdK9CiFIAdkGIkgB2QYjKCkAJEgBxQgl
225=SAHNECbIAU0QJ8gBTRAoSAHB9ilIASWBISooKQArSAHBiCwoKQAtKCkALigpAC9IAcUIMC
226=gpADEoKQAySAHZETPIAVkRNMgBWRE1SAHFKTZIASfWEDIAxR44VALFHjkoKQA6KCkAOygp
227=ADwoKQA9KCkAPigpAD8oKQBAKCkAQSgpAEIoKQBDKCkARCgpAEUoKQBGKCkARygpAEgoKQ
228=BJKCkASigpAEtIAdE1TEgBJ9UQMiMIKEnzTlQCbCZBJU/IAUElUEgBwSVRKCkAUigpAFMo
229=KQBUSAHZJ1VIAdknVkgBwQ9XSAHJLVhIAc0FWUgBzQVaSAHNBVtIAXgRRRNcyAFFE13IAU
230=UTXkgBxQhfSAHFCGAoKQBhKCkAYigpAGMoKQBkKCkAZSgpAGYoKQBnKCkAaCgpAGkoKQBq
231=KCkAaygpAGwoKQBtSAHDiAoAM+GIC0gB3RUMKCkADSgpAA4oKQAPSAHJIhBIAWyJAQQCAB
232=HJAQVtiTPxVhNUAt0KFCgpABVIAcUIFkgB1TkXKCkAGEgBJy0RM/1BGlQCYDBVLhvIAVUu
233=HEgB1S4dSAHVDR5IAckMH0gB0UsgSQHR7IknkQIiVALZBiMoKQAkSAHFCCVIAWAPRT8myA
234=FNECfIAU0QKEgBxc4pSAHFzipIAcktK0gBzRAsSAHZii0oKQAuSAHFEy9IAdEJMEgB0Qkx
235=SAHRCTJIAdkRM8gBWRE0yAFZETVIASeGMjMAwVw3VALBJThIAcUeOSgpADooKQA7KCkAPC
236=gpAD0oKQA+KCkAPygpAEAoKQBBKCkAQigpAEMoKQBESAElwSlFKCkARigpAEdIAdEUSCgp
237=AEkoKQBKKCkAS0gB0TVMSAHJLU1IAcElTsgBQSVPyAFBJVBJAbi9QVHIAUEEUsgBQQRTyA
238=FF5FRIAdknVUgBxRNWSAHBD1dIAcktWEgBzQVZSAHNBVpIAc0FW0gBxRNcyAFBD13IAUEP
239=XkgBxQhfSAHFCGAoKQBhKCkAYigpAGMoKQBkKCkAZSgpAGYoKQBnKCkAaCgpAGkoKQBqKC
240=kAaygpAGwoKQBtKCkAbkgB2FMCCQA0APuxKgpIAc08CygpAAwoKQANKCkADigpAA9IASWB
241=IRBIAWWMBmaMNABpAQdnjDQA+qkME0AEyQwUKCkAFSgpABZIASUBMhcoKQAYSAHJDBlJAe
242=yxCRrIAU0xG8gBTTEcSAHVDR1IAdUNHkgBxQgfSAHJTiBIAd14IUgB2QYiSAHZBiMoKQAk
243=SAHFCCVIAc0QJsgBTRAnyAFNEChIAdEJKUgB0QkqSAHFCCtIAc0QLEgBJ4YRNADJAS5UAs
244=UTL0gB0QkwSAHRCTFIAdEJMkgB2REzyAFZETTIAVkRNUgBJ4URNCiFETThvzhABNFWOSgp
245=ADooKQA7KCkAPCgpAD0oKQA+KCkAPygpAEAoKQBBKCkAQigpAENIAdFsREgBJREpRUgBJd
246=lCRkgBJT0pR0gB0WxISAHdFUkoKQBKKCkAS0gB3QpMSAHJLU1IAd14TsgBQSVPyAFBJVBI
247=AWSMReRRyAFF5FLIAVVaU8gBVVpUSAHZEVVIAdkRVkgB2TJXSAEnhBEnqQVZVALNBVpIAd
248=EUW0gBxRNcyAFFE13IAUUTXkgB1Q1fSAHFCGAoKQBhKCkAYigpAGMoKQBkKCkAZSgpAGYo
249=KQBnKCkAaCgpAGkoKQBqKCkAaygpAGwoKQBtKCkAbigpAG9IAdCNAggANQAlsXcJKCkACi
250=gpAAsoKQAMKCkADSgpAA4oKQAPSQE2UAlRNRDIAVE1EcgBUTUSyAFRNRNIAcEPFCgpABUo
251=KQAWKCkAFygpABhJAetIDAEAAgAZSQEnqQEayAFFNBvIAUU0HEgBzQUdSAHVDR4oKQAfKC
252=kAICgpACEoKQAiKCkAIygpACRIAd0KJUgBzRAmyAFNECfIAU0QKEgBzQUpSAHNECooKQAr
253=KCkALCgpAC0oKQAuKCkALygpADAoKQAxSAHJDDJJASupIjPIAVkRNMgBWRE1SAEn3RE1KN
254=4RNQDJWThABMlZOSgpADooKQA7KCkAPCgpAD0oKQA+KCkAPygpAEAoKQBBKCkAQigpAENI
255=AclvREgB3YNFSAHdr0ZIAd2vR0gB3RVISAHdFUkoKQBKKCkAS0gB3QpMSAHdCk1IAdV7Ts
256=gBQSVPyAFBJVBIAXyOAQgCAFHIAQEJAgBSyAEBCgIAU8gBAQsCAFRIAdkRVUgB0Y1WSAEl
257=ZS5XSAEn3BEnqQVZVALJF1pIAdEUW0gBxRNcyAFFE13IAUUTXkgB0c9fSAHRz2AoKQBhKC
258=kAYigpAGMoKQBkKCkAZUgBzRBmKCkAZygpAGgoKQBpKCkAaigpAGsoKQBsKCkAbSgpAG4o
259=KQBvKCkAcEgBy5AHADaIkFkcCCgpAAkoKQAKKCkACygpAAwoKQANKCkADigpAA9IAXSRST
260=gQyAFJOBHIAUk4EsgBSTgTSAFsc00QFCgpABUoKQAWKCkAFygpABhIAWhvWQYZSAFkgQED
261=AgAayAFZoBvIAVmgHEgBzQUdSAHVDR4oKQAfKCkAICgpACEoKQAiKCkAIygpACRIAd0KJU
262=gBzRAmyAFNECfIAU0QKEgBzQUpSQHfqYUqSQHgqQErKCkALCgpAC0oKQAuKCkALygpADBJ
263=AeGlCDFIAckMMkgBdJFJIjPIAVkRNMgBWRE1SAHJZDZIAclkN0gB2Wk4SAHZUzkoKQA6KC
264=kAOygpADwoKQA9KCkAPigpAD8oKQBAKCkAQSgpAEIoKQBDSAHBckRIAdWGRUgBJzYSNgAn
265=NRI29adIQATdFUkoKQBKKCkAS0gB3QpMSAHdCk1IAc1+TsgBRUpPyAFNflBIAXWRDHaRNg
266=BpAQ10kakBDnSRqQEPdpE2ACXtP1VYBt0rVkkB+aU0V0kB3akBWEgByS1ZSAHJF1pIAdEU
267=W0gBxRNcyAFFE13IAUUTXkkBtbEJX8gBQQRgyAFBBGHIAVFAYsgBUUBjyAFRQGTIAQEGAg
268=BlSAHZEWZIAdkRZygpAGgoKQBpKCkAaigpAGsoKQBsKCkAbSgpAG4oKQBvKCkAcCgpAHFI
269=AcOTBgA3lCcBAAIAB0gBZHZBGggoKQAJKCkACigpAAsoKQAMKCkADSgpAA4oKQAPSAFslE
270=E7EMgBQTsRyAFBOxLIAUE7E0gBzRAUKCkAFSgpABYoKQAXKCkAGEgBYHJJFxlIAXyDSS0a
271=yAEBBwIAG8gBXaQcSAHNBR1IAdUNHigpAB8oKQAgKCkAISgpACIoKQAjKCkAJEgB3QolSA
272=HNECbIAU0QJ8gBTRAoSAHNBSlIAc0QKigpACsoKQAsKCkALSgpAC4oKQAvKCkAMCgpADFI
273=AckMMkgBbJRJIjPIAVkRNMgBWRE1SAGVQAJBQzcoxSQ37X44QATFVTkoKQA6KCkAOygpAD
274=woKQA9KCkAPigpAD8oKQBAKCkAQSgpAEIoKQBDSAHYdAdEADcA2wEAAAACEQAAEA4AIAoA
275=RQA3ABYCAAAAAgBGSgHVAYkBR0kB9qkBSEkB7akBSSgpAEooKQBLSQHwoQRMSQHXqQFNSQ
276=EmqQFOyAEBAQIAT8gBAQICAFBJAbhABAEQAgBRyAEBEQIAUsgBARICAFPIAQETAgBUSAHZ
277=EVVJAe9YBl0VVkgBxRNXSAHVAlhIAdUCWSgpAFpIAdEUW0gBxRNcyAFFE13IAUUTXkkBtU
278=gMAQcCAF/IAQEIAgBgyAEBCQIAYcgBAQoCAGLIAQELAgBjyAEBDAIAZMgBAQ0CAGVIAckX
279=ZkgBxRNnKCkAaCgpAGkoKQBqKCkAaygpAGwoKQBtKCkAbigpAG8oKQBwKCkAcSgpAHJJAf
280=FMG1gnAgUAOACNVD1JAQZJAYWpAQcoKQAIKCkACSgpAAooKQALKCkADCgpAA1JAYexCQ5J
281=AbO1DQ/IAUktEMgBSS0RyAEBAwIAEsgBAQQCABPIAQEFAgAUyAEBBgIAFUkB97EJFkgB2T
282=0XKCkAGEgBzRsZSQHsrQUayAFBDxvIAUEPHEgB0QkdSAHZBh5IAd0VH8gBWQYgyAFZBiHI
283=AV0VIsgBXRUjyAFdFSTIAV0VJUgBzRAmyAFRCSfIAVEJKEgBzRApSAHBGipIAdkRK0kBtL
284=UYLMgBRQgtyAFFCC7IAVkRL8gBWREwyAFZETHIAVkRMkgB2REzyAFRCTTIAVEJNUgBeDZd
285=QTZJAdmhDzdIAd1XOEgB3Vc5KCkAOigpADsoKQA8KCkAPSgpAD4oKQA/KCkAQCgpAEEoKQ
286=BCKCkAQygpAERIAdUjRUgB0RRGSAHFKUdIAdEUSCgpAEkoKQBKKCkAS0gB0YJMSAEn5hI4
287=AN2DTlQCaAFBJU/IAUElUEgBZZcUZpc4AGkBFWSXqQEWZJepARdmlzgA2SdVWAbFE1YoKQ
288=BXKCkAWCgpAFkoKQBaSAHRFFtIAXgRRTRcyAFFE13IAUUTXkgBZZcOZpc4AGkBD2SXqAFF
289=rWHABEWtYsgBRa1jyAFFrWTIAU0bZUgByRdmSAHJF2coKQBoKCkAaSgpAGooKQBrKCkAbC
290=gpAG0oKQBuKCkAbygpAHAoKQBxKCkAcigpAHNIAdNABAA58ZgFSQGDY1gCAAYoKQAHKCkA
291=CCgpAAkoKQAKKCkACygpAAwoKQANSQGGvQoOSAF8g0XDD8gBRcMQyAFFwxHIAUXDEsgBRc
292=MTyAFFwxTIAUXDFUgB3SsWSAHdKxcoKQAYSAHFPxlIAcU/GsgBRT8byAFFPxxIAdEJHUgB
293=2QYeSAHdFR/IAV0VIMgBXRUhyAFdFSLIAV0VI8gBXRUkyAFdFSVIAc0QJsgBTRAnyAFNEC
294=hIAc0QKUgBwRoqSAHZEStIAXyZWScsyAFZES3IAVkRLsgBWREvyAFZETDIAVkRMcgBWREy
295=SAHZETNJAeS5lTRIAXQCWRE1SAF4NlVlNkgByYU3SQH6rQU4SQHyqQE5KCkAOigpADsoKQ
296=A8KCkAPSgpAD4oKQA/KCkAQCgpAEEoKQBCKCkAQygpAERJAfStEEVIAdEURkgB0RRHSAHR
297=FEgoKQBJKCkASigpAEtIAdEJTEgBJz4TOQDBv05UAmgBXTZPyAFBJVBIAXGYGH2ZOZ2ZGX
298=yZqQEafJmpARt+mTkAxRNVWAbFE1YoKQBXKCkAWCgpAFkoKQBaSAHRFFtIAXA1RTRcyAFF
299=E13IAUUTXkgBcJhZq1/IAVmrYMgBWathyAFJF2LIAUkXY8gBSRdkyAFJF2VIAckXZkgByR
300=dnKCkAaCgpAGkoKQBqKCkAaygpAGwoKQBtKCkAbigpAG8oKQBwKCkAcSgpAHIoKQBzKCkA
301=dEkB9b9BAwA66ZsESAHJmwUoKQAGKCkABygpAAgoKQAJKCkACigpAAsoKQAMKCkADUgBJ5
302=YTOgB0hlXID1QCaAFVyBDIAVXIEcgBVcgSyAFVyBPIAVXIFMgBVcgVSAHRghZIAdGCFygp
303=ABhIAd2DGUgB3UEayAFdQRvIAV1BHEgB0QkdSAHZBh5IAXAUXRUfyAFdFSDIAV0VIcgBXR
304=UiyAFdFSPIAV0VJMgBXRUlSAHNECbIAU0QJ8gBTRAoSAHNEClIAcEaKkgB2RErSAF0nFkR
305=LMgBWREtyAFZES7IAVkRL8gBWREwyAFZETHIAVkRMkgB2REzSQHjqUM0SAF0AlkRNUkB0L
306=UCNkgBWGMiKTc3SAHVAjgoKQA5KCkAOigpADsoKQA8KCkAPSgpAD4oKQA/KCkAQCgpAEEo
307=KQBCKCkAQygpAEQoKQBFSAHRFEZIAdEURygpAEgoKQBJKCkASigpAEsoKQBMSQHRsR9NSQ
308=EtqQFOyAFdNk/IAUElUEkB66EEUUkBJakBUigpAFMoKQBUKCkAVSgpAFYoKQBXKCkAWCgp
309=AFkoKQBaKCkAW0kBJ7UNXMgBRRNdyAFFE15IAdkRXygpAGAoKQBhKCkAYigpAGMoKQBkKC
310=kAZSgpAGYoKQBnKCkAaCgpAGkoKQBqKCkAaygpAGwoKQBtKCkAbigpAG8oKQBwKCkAcSgp
311=AHIoKQBzKCkAdCgpAHUoKwACADvhngNIAcGeBCgpAAUoKQAGKCkABygpAAgoKQAJKCkACi
312=gpAAsoKQAMKCkADUgBJ+0TO4yfRc4PVAJ4ilVVEMgBRc4RyAFFzhLIAUXOE8gBRc4UyAFF
313=zhVIAcmFFkgByYUXKCkAGEgB1YYZSAFoek3hGsgBVUQbyAFVRBxIAdnXHUgByegeSAFwFA
314=EVAgAfyAEBFgIAIMgBARcCACHIAQEYAgAiyAEBGQIAI8gBARoCACTIAQEbAgAlSAHNECbI
315=AU0QJ8gBTRAoSAHNEClIAcnoKkgB2RErSAFsn1kRLMgBWREtyAFZES7IAVkRL8gBWREwyA
316=FZETHIAVkRMkgB2REzSAEn7hM7AHQCWRE1VQLTpWs2SAFEDa6fOwDVAjhUAskBOSgpADoo
317=KQA7KCkAPCgpAD0oKQA+KCkAP0gByQxASAHdCkEoKQBCKCkAQygpAEQoKQBFKCkARigpAE
318=coKQBIKCkASSgpAEooKQBLKCkATEgBJ+4TOwBsnwEDAgBOVAJpAQQirE21AgUirk07AGyf
319=VTlRQARwjUkBUigpAFMoKQBUKCkAVSgpAFYoKQBXKCkAWCgpAFkoKQBaKCkAW0gBbJ9FE1
320=zIAUUTXcgBRRNeSAHZEV8oKQBgKCkAYSgpAGIoKQBjKCkAZCgpAGUoKQBmKCkAZygpAGgo
321=KQBpKCkAaigpAGsoKQBsKCkAbSgpAG4oKQBvKCkAcCgpAHEoKQByKCkAcygpAHQoKQB1KC
322=kAdigoAAIBADwAkSLhMgJOgTwA2aADVALJAQQoKQAFKCkABigpAAcoKQAIKCkACSgpAAoo
323=KQALKCkADCgpAA0oKQAOSAElbVAPSQGHpRMQSAElxUURSAEl7UoSKCkAEygpABQoKQAVSA
324=HZoBYoKQAXKCkAGEgBJ0UUPIB9VSAaVAJsflFWG8gBWX8cSAEl/SAdKCkAHigpAB8oKQAg
325=SQHUqYUhSAHZBiIoKQAjKCkAJCgpACVIAWAPTRAmyAFNECfIAU0QKEgB0QkpKCkAKigpAC
326=soKQAsKCkALSgpAC4oKQAvKCkAMCgpADEoKQAySAHZETNIASdEFKAlWRE1VAJgNF0VNkgB
327=JTk5N0gB0TU4SAHRNTkoKQA6KCkAOygpADwoKQA9KCkAPkgBJfFFP0gByQxASAHJDEFIAc
328=kMQigpAEMoKQBEKCkARSgpAEYoKQBHKCkASCgpAEkoKQBKKCkAS0gB2RFMSAHZEU1IAXmg
329=BmWiPJGjB2SiqQEIZaI8hKJNJlFMBWiQSQFSKCkAUygpAFQoKQBVKCkAVigpAFcoKQBYKC
330=kAWSgpAFooKQBbSAFkokUTXMgBRRNdyAFFE15IAdkRXygpAGAoKQBhKCkAYigpAGMoKQBk
331=KCkAZSgpAGYoKQBnKCkAaCgpAGkoKQBqKCkAaygpAGwoKQBtKCkAbigpAG8oKQBwKCkAcS
332=gpAHIoKQBzKCkAdCgpAHUoKQB2KCkAdygoAAICAD0AkGdcAgADSAEnRRQ9/aQFKFUABigp
333=AAcoKQAIKCkACSgpAAooKQALKCkADCgpAA0oKQAOKCkAD0gBJeUoEEgBJbEnEUgB1ZwSKC
334=kAEygpABQoKQAVKCkAFigpABcoKQAYSAEnRRQ9KEQUqAFVkRtABHCCXVccSAEliSIdKCkA
335=HigpAB9IASXRICBJAfnmoj0AJbFIIlQCxQgjKCkAJCgpACVIAXQNRYwmyAFNECfIAU0QKE
336=gBxQgpKCkAKigpACsoKQAsKCkALSgpAC4oKQAvKCkAMCgpADEoKQAySAHZETNIASdEFLQj
337=WRE1VAJ8RV0VNkgB3YM3SAHRNThIAdE1OSgpADooKQA7KCkAPCgpAD0oKQA+SAHFND9IAc
338=kMQEgByQxBSAHJDEIoKQBDKCkARCgpAEUoKQBGKCkARygpAEgoKQBJKCkASigpAEtIAdkR
339=TEgBwTtNSAEi6E9dIE7IAV02T8gBQSVQSQG4vUFRyAFBBFLIAUEEU8kBAyIWUD0A1b1VVA
340=LVvVYoKQBXKCkAWCgpAFlIAc21WkgB2TJbSAHJOFzIAUEPXcgBQQ9eSQGNcAUiVmM9ACUx
341=ImBUAskBYSgpAGIoKQBjKCkAZCgpAGUoKQBmKCkAZygpAGgoKQBpKCkAaigpAGsoKQBsKC
342=kAbSgpAG4oKQBvKCkAcCgpAHEoKQByKCkAcygpAHQoKQB1KCkAdigpAHdJAYurIgMAPuWi
343=BEgBxaIFKCkABigpAAcoKAAECAA+AIMAABEAADAOACAHAAACAAkAPgCDAEAAAwIACgA+AM
344=kBCygpAAwoKQANKCkADigpAA9JAYZACFEJEEoB+gFPAQIAEUkB8qkBEigpABMoKQAUKCkA
345=FSgpABYoKQAXKCkAGEkB9LEJGUkBJqkBGsgBAQECABvIAQECAgAcSgEWAo0QHSgpAB4oKQ
346=AfSQHRpQggSQH4qQEhSQHXqQEiSAHFCCMoKQAkKCkAJUgBzRAmyAFNECfIAU0QKEgBxQgp
347=KCkAKigpACsoKQAsKCkALSgpAC4oKQAvKCkAMCgpADEoKQAySAHZETNJAeO1GDRIAXQCWR
348=E1SAFAInk9NkkB2aEEN0kB9qkBOEkB7akBOSgpADooKQA7KCkAPCgpAD0oKQA+SQHwpQg/
349=SAHJDEBIAckMQUgByQxCKCkAQygpAEQoKQBFKCkARigpAEcoKQBIKCkASSgpAEooKQBLSA
350=HZEUxIAcE7TUgBaCJFVU7IAV02T8gBQSVQSQG4VBgBBAIAUcgBAQUCAFLIAQEGAgBTyAEB
351=BwIAVEgBzRtVSAHNG1YoKQBXKCkAWCgpAFkoKQBaSQHxVA1ZEVtIAcUTXMgBRRNdyAFFE1
352=5JAYxvOAIAX0gB2XRgKCkAYSgpAGIoKQBjKCkAZCgpAGUoKQBmKCkAZygpAGgoKQBpKCkA
353=aigpAGsoKQBsKCkAbSgpAG4oKQBvKCkAcCgpAHEoKQByKCkAcygpAHQoKQB1KCkAdkkBir
354=wgAgQAPwCQqQEFSAHJIgYoKQAHKCkACCgpAAkoKQAKKCkACygpAAwoKQANKCkADigpAA9I
355=ASfDEz8Aya0QEVQCaAFdNhJJAedUAkkBE8gBSTgUyAFVAhXIAVUCFsgBUUAXyAFBBBjIAU
356=EEGUgByUMayAFBBBvIAUEEHEgB0Y0dKCkAHigpAB9IASfDEz8A/KlOIVQC3WIiSAHFCCMo
357=KQAkKCkAJUgBzRAmyAFNECfIAU0QKEgBxQgpKCkAKigpACsoKQAsKCkALSgpAC4oKQAvKC
358=kAMCgpADEoKQAySAHZETNIASfCEz8AdAJZETVUAlwvop4/ANWRN1QCxXY4SAHFdjkoKQA6
359=KCkAOygpADwoKQA9SAHR2j5IAcnSP0gByQxASAHB4EFIAc0FQkgB1Q1DKCkARCgpAEUoKQ
360=BGKCkARygpAEgoKQBJKCkASigpAEtIASfCEz8AwTtNVAJoIlFLTsgBXTZPyAFBJVBIAWGe
361=CGKePwBpAQlgnqkBCmCeqQELYp4/ANknVVgGwRpWKCkAVygpAFgoKQBZKCkAWkgB0RRbSA
362=HFE1zIAUUTXcgBRRNeSAEnwhM/ANV7YFQCyQFhKCkAYigpAGMoKQBkKCkAZSgpAGYoKQBn
363=KCkAaCgpAGkoKQBqKCkAaygpAGwoKQBtKCkAbigpAG8oKQBwKCkAcSgpAHIoKQBzKCkAdC
364=gpAHVIAdecBQBA9ZwGSAHRHwcoKQAIKCkACSgpAAooKQALKCkADCgpAA0oKQAOSQGIe2UC
365=AA9IAcEPEEgBfJlNMRHIAQEDAgASSAFom0XkE8gBReQUyAFVAhXIAVUCFsgBWQYXyAFBBB
366=jIAUEEGUgB0UAayAFRQBvIAUEPHEgB2YodKCkAHigpAB8oKQAgSQHQ6ptAANkGIlQCyQEj
367=KCkAJEgBxaIlSQE4uQYmyAFNECfIAU0QKEkB26EEKUkB06kBKigpACsoKQAsKCkALSgpAC
368=4oKQAvKCkAMCgpADFJAdW9CjJJATlIAU0QM0gBJ2oTQAB0AkUpNVQCbDVJejZIAd2ON0gB
369=zXM4SAHNczkoKQA6KCkAOygpADxIAcFyPUkB2EAPXQo+SAHFKT9IAdknQEgB1QJBSQHSrQ
370=VCSAHBD0NIAcEPRCgpAEUoKQBGKCkARygpAEgoKQBJKCkASigpAEtIAdEUTEgBJ2kTQJS9
371=XRVOVAJ4SE0mT8gBXTZQSAF9mQxpm0CJmw1om6kBDmibqQEPaZtAKGoTQADVGFZECMkBVy
372=gpAFgoKQBZKCkAWkgB0RRbSAF4EUUTXMgBRRNdyAFFE15IASdpE0AoaBMnKQBhQATBfWIo
373=KQBjKCkAZCgpAGUoKQBmKCkAZygpAGgoKQBpKCkAaigpAGsoKQBsKCkAbSgpAG4oKQBvKC
374=kAcCgpAHEoKQByKCkAcygpAHRIAduKBgBB/ZkHSAHZHAgoKQAJKCkACigpAAsoKQAMKCkA
375=DUgBJSUmDkkBta1SD8gBVS4QyAFVLhHIAU1oEsgBVZETyAFVkRTIAQEGAgAVSQH3sQkWSQ
376=HvqQEXKCkAGEgBJekuGUgB2T0ayAFBDxvIAUEPHEgBzWgdSAHBiB4oKQAfKCkAIEgBzQUh
377=SAHNBSIoKQAjKCkAJEgBJxITQQBwmEEaJlQCaAFBGifIAUEaKMgBAQcCAClJAehEiFEUKs
378=gBRVUryAFVAizIAVUCLUgBbMBJAS7IAUEEL0gBxQgwyAFBBDFIAWyUQQ8yyAFBDzNIAScR
379=E0GQmAEIAgA1VgL//1MQAgA2SAEnERNB9XA4VALJbzkoKQA6KCkAOygpADxIAclvPUgB3Y
380=M+SAHFKT8oKQBAKCkAQUgB2SdCSAEnERNB+X9EVALNEEUoKQBGKCkARygpAEgoKQBJKCkA
381=SigpAEtIAdEUTEgB0RRNSAHNR07IAV0rT8gBTUdQSAFwmAEQAgBRyQERcZhBnZkScJipAR
382=NwmCf5BFVMBckXVigpAFcoKQBYKCkAWSgpAFpIAdEUW0gBxRNcyAFFE13IAUUTXkgBJxET
383=QSgQEycpAGFABNV7YigpAGMoKQBkKCkAZSgpAGYoKQBnKCkAaCgpAGkoKQBqKCkAaygpAG
384=woKQBtKCkAbigpAG8oKQBwKCkAcSgpAHIoKQBzSAHHlwcAQuWXCEgBzRsJKCkACigpAAso
385=KQAMKCkADUgBJ7oSQgB4lUFyD1QCaAFdYhDJAQki/EyhBAoizCWoAQELAgATwARR2hTIAV
386=HaFUgB3VcWSAHFPxcoKQAYSAHBOxlIAcE7GsgBQTsbyAFBOxxIAd1iHUkB+62fHkkB86kB
387=H0kB9akBIEgB0XchSAHNBSJIAc0FI0gBzQUkSAHNBSVIAWyURR4myAFFHifIAUUeKMgBRR
388=4pSAFwjVm2KsgBURQryAFVAizIAVUCLUgBeJVJAS7IAUEEL0gBxQgwyAFBBDFIAXiVVQ0y
389=yAFVDTNIASe5EkKYlV0rNVQCJ7kSQig5OUIouRJC9YY5TAXBMDooKQA7KCkAPEgBzTE9SA
390=HFgT5IASe5EkIm9SpAKFUAQUgB2TJCSAHZPUNIAdUNRCgpAEUoKQBGKCkARygpAEgoKQBJ
391=KCkASigpAEtIAdEUTEgB0RRNSAHNR07IAU1HT8gBUSpQSAF5lRR5lUKMlAEVAgBS1AJdG1
392=PJARd4lSf5BFVUAtUYVigpAFcoKQBYKCkAWSgpAFpIAdEUW0gBxRNcyAFFE13IAUUTXkgB
393=J7kSQii4EicpAGFABMl6YigpAGMoKQBkKCkAZSgpAGYoKQBnKCkAaCgpAGkoKQBqKCkAay
394=gpAGwoKQBtKCkAbigpAG8oKQBwKCkAcSgpAHJIAc+UCABD7ZQJSAHBGgooKQALKCkADCgp
395=AA1IASdhEkOBkw4iMDioAQEPAgAQQARslF3QEcgBXdASyAFd0BPIAV3QFMgBUUAVSAHFVR
396=ZIAc08FygpABhIAck4GUgByTgayAFJOBvIAUk4HEgBSEgCAAACAB1IASUtMh4oKQAfKCkA
397=IEgBzQUhSAHNBSIoKQAjKCkAJEgBxWslSAFgk1mrJsgBWX8nyAFJIihIASVhKClIASVhKC
398=pIASU1KCtJAbSxoyzIAVUYLcgBVRguyAGCk0MAbAUBBAIAMNQCAQUCADHIAQEGAgAySAFs
399=lFUuM0gBJ2ESQ4CTVS41VQIAYAAiHSVDKGESQyhhEkMoYBInKQA6WAbNMTsoKQA8SAHNMT
400=1IAc1+PkgBxSk/KCkAQCgpAEFIAdknQkgB2T1DSAHJDEQoKQBFKCkARigpAEcoKQBIKCkA
401=SSgpAEooKQBLSAHRFExIAdEUTUgBzUdOyAFVLk/IAVUuUEgBYZMYYZNDgZMZYJOoAQEaAg
402=BTwQQbYJMn+QRVVALVGFZIASU5T1coKQBYKCkAWSgpAFpIASVtUFtIAcUTXMgBRRNdyAFF
403=E15IASdhEkMoYBInKQBhQATdeGIoKQBjKCkAZCgpAGUoKQBmKCkAZygpAGgoKQBpKCkAai
404=gpAGsoKQBsKCkAbSgpAG4oKQBvKCkAcCgpAHFIAdeRCQBE9ZEKSAHVGAsoKQAMKCkADUgB
405=JwkSRIiQSccPVAJ8jkVQEMgBSccRyAFVORLIAVU5E8gBVTkUyAFVORVIAc1SFkgB1TkXKC
406=kAGEgBxUoZSAHRNRrIAVE1G8gBUTUcSAFIEamQRPX0HihVAB8oKQAgKCkAISgpACIoKQAj
407=KCkAJCgpACVIAc0QJsgBTRAnyAFNEChIAcEaKUgBwRoqSAHVGCtIAXiKAQcCACzIAQEIAg
408=AtyAEBCQIALsgBAQoCAC/JAQtpkESUkU2fMdQCTZ8ySAHZETNIAScJEkQj8EVZETVUAmSQ
409=VbI2SAElhSc3SAHRFDhIAdEUOSgpADooKQA7KCkAPEgB1Rg9SAEl2U0+SAElJTw/KCkAQC
410=gpAEFIASX9TEJIAcEPQ0gBwQ9EKCkARSgpAEYoKQBHKCkASCgpAEkoKQBKKCkAS0gB0RRM
411=SAEnCBKoIl0gTlQCbCZdNk/IAUElUEgB3dBRKCkAUigpAFNIASVVTVRIAdUYVUgB1Q1WSA
412=EliU5XSAHRCVgoKQBZKCkAWigpAFtIAXgRRRNcyAEEAQIAXQBEABEAAPoNACAKJgEAAAIC
413=AF4ARACMAEMAAgBfSQGDRAEBAAIAYCgpAGEoKQBiKCkAYygpAGQoKQBlKCkAZigpAGcoKQ
414=BoKCkAaSgpAGooKQBrKCkAbCgpAG0oKQBuKCkAbygpAHBJAYqoFwIKAEUAkKkBC0gBwRoM
415=KCkADUkBhqEEDkkB91wgRR4PSQHvqQEQKCkAESgpABIoKQATKCkAFCgpABVJAe2lCBYoKQ
416=AXKCkAGEkB8KEEGUgBYDBBDxrIAQEBAgAbyAEBAgIAHEoBFgJXFAIAHSgpAB4oKQAfKCkA
417=IEkB070KIUgB2QYiKCkAIygpACQoKQAlSAHNECbIAU0QJ8gBTRAoSQH6vQopSQHyqQEqSQ
418=H0qQErSQG0SAEBDgIALMgBAQ8CAC3IAQEQAgAuyAEBEQIAL8gBARICADDIAQETAgAxyAEB
419=FAIAMkgB2REzSQHjXApVIzRIAXQCWRE1SAFAIlZWADZJAdmhBDdJAfapAThIAcEwOSgpAD
420=ooKQA7KCkAPCgpAD1IAcU/PigpAD8oKQBAKCkAQSgpAEJIAdUNQygpAEQoKQBFKCkARigp
421=AEcoKQBIKCkASSgpAEooKQBLSAHBRkxJAde5HE1IAWgiVSNOyAFdNk/IAUElUEgB0UBRKC
422=kAUigpAFNJAdGxCVRIAdknVUgB1Q1WSAHVDVdIAdEJWCgpAFkoKQBaKCkAW0gBxRNcyAFF
423=E13IAUUTXkgBJ7IRRQDNc2BUAskBYSgpAGIoKQBjKCkAZCgpAGUoKQBmKCkAZygpAGgoKQ
424=BpKCkAaigpAGsoKQBsKCkAbSgpAG4oKQBvSAHHjAsARuWMDEkBiHNSAgANSAEnWhFGANEq
425=D1QC1UQQKCkAESgpABIoKQATKCkAFCgpABUoKQAWKCkAFygpABhIAd02GUgBwTAayAFBMB
426=vIAUEwHEgB1TkdKCkAHigpAB9IAclDIEkB+bVEIUgB3UEiSAHFCCMoKQAkKCkAJUgBzRAm
427=yAFNECfIAU0QKEkB0L0KKSgpACpJAdK1AitIAXmKFXqKRgBoAUUOLdUCF3iKtQIYeIqpAR
428=l4iqkBGniKqQEbeopGANkRM0QIJ1gRtAJZETVUAmQ4WWk2SAEnWBEnCQc4VALJODkoKQA6
429=KCkAOygpADwoKQA9KCkAPigpAD8oKQBAKCkAQSgpAEIoKQBDKCkARCgpAEUoKQBGKCkARy
430=gpAEgoKQBJKCkASigpAEtIAcFGTEgBwTtNSAHBJU7IAV02T8gBQSVQSAFcMH2vUSgpAFIo
431=KQBTSAHNR1RIAcnHVUgB3cVWSAHVDVdIAdEJWCgpAFkoKQBaKCkAW0gBxRNcyAFFE13IAU
432=UTXkgBJ1kRRihYEScpAGFABMWMYigpAGMoKQBkKCkAZSgpAGYoKQBnKCkAaCgpAGkoKQBq
433=KCkAaygpAGwoKQBtKCkAbkgBzIkCDABHAP25Xg1JAY5nUQIADkgBJwIRRwDVTxBUAskBES
434=gpABIoKQATKCkAFCgpABUoKQAWKCkAFygpABhIAd1BGUgByS0ayAFJLRvIAUktHEgB3TYd
435=KCkAHigpAB9IAdFAIEkB+K0bIUgBxT8iSAHFCCMoKQAkKCkAJUgBzRAmyAFNECfIAU0QKE
436=gBxQgpKCkAKigpACtIAc2JLEgBJYUnLUgB3fwuKCkALygpADBJAfG9FTFJAdipATJIAdkR
437=M0gBJwERR5iKWRE1VAJ4NoKIRwAnARFH7cA4QATdNjkoKQA6KCkAOygpADwoKQA9KCkAPi
438=gpAD8oKQBAKCkAQSgpAEIoKQBDKCkARCgpAEUoKQBGKCkARygpAEgoKQBJKCkASigpAEtI
439=AcFGTEgBwTtNSAHBJU7IAV02T8gBQSVQSAHdNlEoKQBSKCkAUygpAFRJAdShMFUoKQBWSA
440=ElpStXKCkAWCgpAFkoKQBaKCkAW0gBxRNcyAFFE13IAUUTXkgBJwERRygAEScpAGFABCcA
441=ESdVAGMoVQBkKCkAZSgpAGYoKQBnKCkAaCgpAGkoKQBqKCkAaygpAGwoKQBtSAHUhgINAE
442=gAkmxOaYVI/UwPVALdTBAoKQARKCkAEigpABMoKQAUKCkAFSgpABYoKQAXKCkAGEgBxT8Z
443=SAHRKhrIAVEqG8gBUSocSAHZPR0oKQAeKCkAH0gBJ6oQSAAnqhBIAMVKIkAExQgjKCkAJC
444=gpACVIAc0QJsgBTRAnyAFNEChIAcUIKUgBzUcqKCkAK0gBzRAsSAHRri1IAcUpLigpAC8o
445=KQAwSAHdIDFIAd0VMkgB2REzSAEnqRBIKKkQSHQ2aeg2QAQnqBAnCQc4VALBDzkoKQA6KC
446=kAOygpADwoKQA9KCkAPigpAD8oKQBAKCkAQSgpAEIoKQBDKCkARCgpAEUoKQBGKCkARygp
447=AEgoKQBJKCkASigpAEtIAcElTEgBwSVNSAHBJU7IAV02T8gBXTZQSAHRNVEoKQBSKCkAU0
448=gB3TZUSQG16oVIAGgBUQlW1AJRCVfIAQEDAgBYyAEBBAIAWcgBAQUCAFrIAQEGAgBbSAHF
449=E1zIAVEJXcgBUQleSAEnqRBIKKgQJykAYUAEJ6gQJ1UAYyhVAGQoKQBlKCkAZigpAGcoKQ
450=BoKCkAaSgpAGooKQBrKCkAbEgB3IMBDgBJACX5JQ9IAcVKECgpABEoKQASKCkAEygpABQo
451=KQAVKCkAFigpABcoKQAYSAHNPBlIAdknGsgBWScbyAFZJxxIAcFyHSgpAB4oKQAfSAHBOy
452=BIASdREEkoUhBJAMUII0AEyQEkKCkAJUgBzRAmyAFNECfIAU0QKEgByQwpSgH//09yAgAq
453=KCkAK0gBzXMsSAEnURBJJiUmLlQC0SovKCkAMEgB3SAxSAHNXTJIAdkRM0gBJ1EQSShREE
454=lAEEsAAgA2QATBDzdIAck4OEgBJfFFOSgpADooKQA7KCkAPCgpAD0oKQA+KCkAPygpAEAo
455=KQBBKCkAQigpAEMoKQBEKCkARSgpAEYoKQBHKCkASCgpAEkoKQBKKCkAS0gBJUkwTEgBwS
456=VNSAHBJU7IAV02T8gBXTZQSQH7oX1RSQHzqQFSSQH1qQFTSAHZJ1RIAWSBAQcCAFXIAQEI
457=AgBWyAEBCQIAV8kBCnGCSZWGC3CCqQEMcIKpAQ1wgrA1AQACAFxYBnAURRNdyAFFE15IAS
458=dREEkoUBAnKQBhQAQnUBAnVQBjKFUAZCgpAGUoKQBmKCkAZygpAGgoKQBpKCkAaigpAGtI
459=AceBDwBK5YEQSAHRVhEoKQASKCkAEygpABQoKQAVKCkAFigpABcoKQAYSAHZXhlIAXQjQS
460=UayAFBJRvIAUElHEgBxXYdKCkAHigpAB9IAc1zIEkB/KE7IUgB1UQiSAHFCCMoKQAkKCkA
461=JUgBzRAmyAFNECfIAU0QKEgByQwpSAEn+g9KACXFLytUAsEELEgB1XAtSAHVcC4oKQAvKC
462=kAMEgB1VoxSAHdFTJIAdkRM0gBJ/kPSij5D0pMf0gAe39KANulHjdMBSX9KzgoKQA5KCkA
463=OigpADsoKQA8KCkAPSgpAD4oKQA/KCkAQCgpAEEoKQBCKCkAQygpAEQoKQBFKCkARigpAE
464=coKQBIKCkASSgpAEooKQBLKCkATEkB1aUeTUkBOUgBUTVOyAFRNU/IAU33UEkB3EAEUUtR
465=SAElCUlSKCkAU0gB3TZUSAF5fw55f0qVew94f6kBEHh/qQEReH+pARJ4f6kBE3h/qQEUeH
466=+wNUEPXFwKdDlRFF3IAVEUXkgBJ/kPSij4DycpAGFABCf4DydVAGMoVQBkKCkAZSgpAGYo
467=KQBnKCkAaCgpAGkoKQBqSAHPfhAAS+1+EUgB0VYSKCkAEygpABQoKQAVKCkAFigpABcoKQ
468=AYSAHBXBlIAXwgSSIayAFJIhvIAUkiHEgB2XQdKCkAHigpAB8oKQAgSAHVOSFIAdkGIigp
469=ACMoKQAkKCkAJUkB7L1BJsgBTRAnyAFNEChIAdEJKUgByQwqSAHVAisoKQAsSAHBBC0oKQ
470=AuKCkALygpADAoKQAxSAHRCTJIAdkRM0kB6KUTNEgBdAJZETVJAedcfE0mNsgBXRU3yAFB
471=BDjIAVUCOcgBVQI6SQHJuQY7yAFBBDxIAXAJQQQ9yAFdCj7IAUEEP8gBQQRAyAFBBEHIAU
472=EEQsgBQQRDSAHJDETIAUEERUgBaAxZBkbIAVUCR8gBWQZISAHZBklIAc0FSsgBTQVLyAFN
473=BUxIAXR7AQUCAE3IAQEGAgBOyAFV9E/IAVX0UMgBVfRRSAHBqVJIAcktU0gBJ6EPS5V7FW
474=B9qAFRBFZABHl/F2B9tQIYYH2pARlgfakBGmB9qAEBGwIAW1gG1VpcyAFVGF3IAVUYXkgB
475=J6EPSyigDycpAGFABCegDydVAGMoVQBkKCkAZSgpAGYoKQBnKCkAaCgpAGlIAdR7AhEATA
476=AlsUsSKCkAEygpABQoKQAVKCkAFigpABcoKQAYKCkAGUkBJ70KGsgBUR8byAFRHxxIAcEP
477=HSgpAB4oKQAfKCkAICgpACEoKQAiKCkAIygpACRJAeuhDyVIAc0QJsgBTRAnyAFNEChIAc
478=0FKUgB2REqKCkAKygpACwoKQAtKCkALigpAC8oKQAwKCkAMSgpADJJASulEzPIAVkRNMgB
479=WRE1SAF4XlXTNsgBAQQCADfIAU1dOMgBVQI5yAFVAjpIAWBnRQg7yAFFCDxIAXAJQQQ9yA
480=FVAj7IAUUIP8gBQQRAyAFBBEHIAUEEQsgBQQRDSAHJDETIAUwFCUUATADnAAAAAwIARhEA
481=AIsOACAIAEwA5wAAAAQCAEfIAQEFAgBISAEFyQAAAAICAElJAedIAQEDAgBKyAFNBUvIAU
482=0FTEgBBTkBAAAKAgBNyAEBCwIATsgBAQwCAE/IAQENAgBQyAEBDgIAUUkB11gGAQACAFJK
483=ARYCTwwCAFMoKQBUSQHQoQRVSQHUqQFWKCkAV0gBwQRYKCkAWSgpAFooKQBbSQEmpQhcyA
484=EBAQIAXcgBWRxeSQGMSBBZEV9JAYOpAWAoKQBhKCkAYigpAGMoKQBkKCkAZSgpAGYoKQBn
485=KCkAaEkBiqkMElUmJUQTWRETKCkAFCgpABUoKQAWKCkAFygpABgoKQAZSQEnUAlRNRrIAV
486=E1G8gBUTUcSAHVDR0oKQAeKCkAHygpACAoKQAhKCkAIigpACMoKQAkSQHrQA9VGCVIAc0Q
487=JsgBTRAnyAFNEChIAc0FKUgB2REqKCkAKygpACwoKQAtKCkALigpAC8oKQAwKCkAMSgpAD
488=JJAStEE0kiM8gBWRE0yAFZETVIAWgxRT82KCkANygpADgoKQA5KCkAOkkBB1wKWQY7yAFR
489=HzxJAfe1Aj1JAe+pAT4oKQA/SQHxtQJASAHBD0FJAbW1AkLIAVEJQ8gBWVNEyAFVGEXIAV
490=UYRsgBVRhHyQEGc3dNALixCUlUAmgBUQlKyAFRCUvIAVEJTEgBzRBNSAF9eBByd00AaQER
491=cHepARJzd00A2L0KUUwFxXZSKCkAUygpAFRJAdGtBVVIAckiVkgB0R9XSAHZf1hIAdEJWS
492=gpAFooKQBbSAEn8g5NAGgBQRpd1AJBGl5IASfyDk0AJ/AOJykAYUAE1QJiKCkAYygpAGQo
493=KQBlKCkAZigpAGdIAcV2E1CbcFZBDxQoKQAVKCkAFigpABcoKQAYKCkAGUgBaGRRNRrIAQ
494=EHAgAbyAEBCAIAHEgByQwdKCkAHigpAB8oKQAgKCkAISgpACIoKQAjKCkAJEgBaG9JFyVI
495=Ac0QJsgBTRAnyAFNEChIAc0FKUgB2REqKCkAKygpACwoKQAtKCkALigpAC8oKQAwKCkAMS
496=gpADJIAXh0SSIzyAFZETTIAVkRNUgBxVU2KCkANygpADgoKQA5KCkAOkgBeHRFHjvIAVle
497=PEkB9rlTPUkB7akBPigpAD9JAfC1AkBIAcEPQUgBeHRFE0LIAUUTQ8gBAQkCAETIAU3hRc
498=gBTeFGyAFN4UfIAU3hSEgBbHNdeEnIAV14SsgBXSBLyAFVDUxIAc0QTUgBZGBdjk7IAVFh
499=T8gBWRxQSQHTqRdRKCkAUigpAFMoKQBUSQHVrQVVSAHJIlZIAdEfV0kB26EEWEgB3QpZKC
500=kAWigpAFtIAcUTXMgBRRNdyAFFE15IASeZDk4omA4nKQBhQAQnmA4nVQBjKFUAZCgpAGUo
501=KQBmSAHPcxQAT5wkVSMVKCkAFigpABcoKQAYKCkAGUgByRcayAFJFxvIAUkXHEgB0ZgdSA
502=Hduh4oKQAfKCkAICgpACEoKQAiKCkAIygpACRIAcWiJUkB7KktJsgBTRAnyAFNEChIAc0Q
503=KUgBzRAqKCkAKygpACwoKQAtKCkALkkB86kMLygpADAoKQAxSAHZETJIAdkRM0kB6rkGNE
504=gBdAJZETVIAY8tAgA2KCkANygpADgoKQA5KCkAOkgBYHJZXjvIAVlePEgB1U89SAEnQg5P
505=AMkBP1QCzVJASAHBD0FIAWByAQ4CAELIAQEPAgBDyAFF2UTIAUXZRcgBRdlGyQETItIrTw
506=BlCBR95k+c5kl6SUAEbHNJekrIAUl6S8gBSXpMSAHNEE1IAc1HTsgBXTZPyAFBJVBIAd02
507=UUgB3TZSKCkAUygpAFQoKQBVSAHRH1YoKQBXSAHFCFgoKQBZKCkAWkgByThbSAHFE1zIAU
508=UTXcgBRRNeSAEnQQ5PKEAOJykAYUAEJ0AOJ1UAYyhVAGQoKQBlSAHXcBUAUJAjVXAWKCkA
509=FygpABgoKQAZSAHRFBrIAVEUG8gBURQcSAHJQx1IAckiHigpAB8oKQAgKCkAISgpACIoKQ
510=AjKCkAJEgBxUolSAHNECbIAU0QJ8gBTRAoSAHNEClIAc0QKigpACsoKQAsKCkALUgByQwu
511=SAGPIgIALygpADAoKQAxSQH4sWwySAHZETNJAeO1AjRIAXQCWRE1SAHRCTYoKQA3KCkAOC
512=gpADkoKQA6SAFob03LO8gBTcs8SQH6qQw9SQHyqQE+KCkAP0kB9LUCQEgBwQ9BSAFhZxVp
513=b1CNaBZob6kBF2zhqAEBGAIARcwFARkCAEbJARpob6EEG2lvUIhvReRJQARob0XkSsgBVX
514=tLyAFVe0xIAc0QTUgBaCJdTE7IAV02T8gBQSVQSAHdNlFIAd02UigpAFMoKQBUKCkAVSgp
515=AFYoKQBXKCkAWCgpAFkoKQBaSAHZPVtIAcUTXMgBRRNdyAFFE15IASfpDVAo6A0nKQBhQA
516=Qn6A0nVQBjKFUAZEgB320WAFGEIl0gFygpABgoKQAZSAHZERrIAVkRG8gBWREcSAHBJR1I
517=AcElHigpAB8oKQAgKCkAISgpACIoKQAjKCkAJEgBySIlSAHNECbIAU0QJ8gBTRAoSAHBUS
518=lIAcFRKigpACsoKQAsKCkALSgpAC5JAfWlVS9IAY8iAgAwKCkAMUgBJ5ENUSMkMU0mM1QC
519=J5ANtAJZETVUAsUINkgBxbg3SAHZqzhJAe5EBFUYOcgBWQY6SQHLVAJdCjvIAUEEPEgBbA
520=VBBD0oKQA+KCkAP0kB71gGTQVASQHwqQFBSAFwbFEJQsgBQQRDyAFRCUTJAQNxbFGUcEHr
521=RtQCQetHyAFNfkhIAWVrECJRR1GdbREiUEeoAVniS8AEWeJMSAFJEABBD01IAd02TsgBTR
522=BPyAFNEFBIAc1HUUgBzUdSKCkAUygpAFQoKQBVKCkAVigpAFcoKQBYKCkAWSgpAFpIAcVK
523=W0gBxRNcyAFFE13IAUUTXkgBJ5ENUSiQDScpAGFABCeQDSdVAGNUAsdrFwBSmCBdIBgoKQ
524=AZSAHBDxrIAUEPG8gBQQ8cSAHJIh1IAckiHigpAB8oKQAgKCkAISgpACIoKQAjKCkAJEgB
525=0R8lSAHNECbIAU0QJ8gBTRAoSAHNRynIAUEEKsgBQQQryAFNRyzIAU1HLcgBTUcuyAFNRy
526=9IAcVgMEgBJQUiMUgB2REySAHZETNIASc5DVKQbFUNNVQCiCkiuihSANUjN1QCxQg4SAFo
527=ZE0QOcgBTRA6SAF4aUUIO8gBXRU8SAFsBUEEPSgpAD4oKQA/SAF4aU0FQEgBeGlJAUFIAW
528=giVd5CyQEIbdZSgWcJbNapAQp4aakBC2zWqAFV00fYBlXTSEgBeWkUeWlSmGlN4UrUAk3h
529=S8gBTeFMSAHRH01IAcElTsgBWTJPyAFZHFBIAdUjUUgBzUdSKCkAUygpAFQoKQBVKCkAVi
530=gpAFcoKQBYKCkAWSgpAFpIAcEwW0gBxRNcyAFFE13IAUUTXkgBJzkNUig4DScpAGFABCc6
531=DVIAz2gYAFOMH01oGUgByQwayAFJDBvIAUkMHEgB0R8dSAHRHx4oKQAfKCkAICgpACEoKQ
532=AiKCkAIygpACRIAdkcJUgBzRAmyAFNECfIAU0QKEgB1UQpyAFVRCrIAVVEK8gBVUQsyAFV
533=RC3IAVVELsgBVUQvSAHBGjBIAcEaMUgB2REySAHZETNIASfhDFMo4Awn+QQ2QATRCTdIAd
534=EJOEgBwXI5KCkAOigpADsoKQA8KCkAPSgpAD4oKQA/KCkAQEgByd1BSAFpIg4isSdTlWUP
535=YGeoAUHKRMAEQcpFyQESYGehBBMisCeoAVVlSEAEYWcYYWdTgWcZfNCoAQEaAgBLwAQBGw
536=IATEgBkEcicGGoIllITlQCbCZdNk/IAV02UEgB1SNRSAHVI1IoKQBTKCkAVCgpAFUoKQBW
537=KCkAVygpAFgoKQBZKCkAWkgByThbSAF4EUUTXMgBRRNdyAFFE15IASfhDFMo4AwnKQBhQA
538=TXZRkAVIQ/UQkayAFRCRvIAVEJHEgB2RwdSAHZHB4oKQAfKCkAICgpACEoKQAiKCkAIygp
539=ACRIAcEaJUgBwRomyAFNECfIAU0QKEgB3UEpyAFdQSrIAV1BK8gBXUEsyAFdQS3IAV1BLs
540=gBXUEvSAHBGjBIAcEaMUgB2REySAHZETNIASeIDKAlWRE1VALV0zZIASXlKDcoKQA4KCkA
541=OSgpADooKQA7SAHBDzwoKQA9KCkAPigpAD8oKQBASAHRFEFIAWgiTcBCyAFNwEPIAU3ARM
542=gBWV5FyAFZXkbIAVleR8gBWV5ISAHZXkkoKQBKKCkASygpAEwoKQBNSAHBJU7IAV02T8gB
543=QSVQSAHJLVFIAcUeUigpAFMoKQBUKCkAVSgpAFYoKQBXKCkAWCgpAFkoKQBaSAHVI1tIAc
544=UTXMgBRRNdyAFFE15IASeJDFQoiQxU98gaAFWcYlkGG8gBWQYcSAElzTAdSAHFPx4oKQAf
545=KCkAICgpACEoKQAiKCkAIygpACRIASXNOyVIASLIS0FyJsgBTRAnyAFNEChIAcU/KcgBRT
546=8qyAFFPyvIAUU/LMgBRT8tyAFFPy7IAUU/L0gBwRowSAHBGjFIAdkRMkgBxSkzSQHiJLkz
547=NEgBdAJZETVIASWNMzZIASXFZjdIASUJdTgoKQA5KCkAOkkB0rEJO0gB1UQ8SAHVRD0oKQ
548=A+KCkAPygpAEAoKQBBSAHJ0kIoKQBDSAHBykRJAdy1DUVIAcUTRigpAEcoKQBISAHFE0lI
549=AcF9SkgByQxLKCkATEgByQxNSAFoIl02TsgBXTZPyAFBJVBIAdkcUUgB2RxSKCkAUygpAF
550=QoKQBVKCkAVigpAFcoKQBYKCkAWSgpAFpIAScwDKhZRRNcVAJwFEUTXcgBRRNeSAEnMQxV
551=5GABGwBWACLEZkEEHEgBIkBmRQgdKCkAHigpAB8oKQAgKCkAISgoAAYiAFYAJQEAAAARAA
552=A7DgAgAAECACMAVgAlAQAAAAIAJABWAOsBiQElSQEnqQEmyAEBAQIAJ8gBAQICAChIAc0F
553=KUkBJa0FKigpACsoKQAsKCkALSgpAC4oKQAvKCkAMCgpADEoKQAySQErqQwzyAFZETTIAV
554=kRNUkB+KEENkkB2akBN0gBWBltGzgoKQA5KCkAOkgBzQU7SQH2uQY8SQHtqQE9KCkAPigp
555=AD8oKQBAKCkAQSgpAEIoKQBDSQHysQlESQHzqQFFKCkARigpAEdJAfGhBEhIAcUTSUgBxR
556=NKSAHFE0soKQBMSQHwuQZNSQEmqQFOyAFBJU/IAUElUEgB0QlRSAHRCVIoKQBTKCkAVCgp
557=AFUoKQBWKCkAVygpAFgoKQBZKCkAWkgBxRNbSAHFE1zIAUUTXcgBRRNeSQGSdDUDAgAcAF
558=cAZEpBBB0oKQAeKCkAHygpACAoKQAhKCkAIigpACMoKQAkSAFwVl0KJUgBYFwBAwIAJskB
559=BGJcVwB1AgVhXFeQYU0FKUAE2REqKCkAKygpACwoKQAtKCkALigpAC8oKQAwKCkAMSgpAD
560=JIAWBcWREzyAFZETTIAVkRNUgBJ4MLVwDbrTw3VQLUqQE4KCkAOSgpADpJAdWhBDtIAcU/
561=PEgBxT89KCkAPigpAD8oKQBAKCkAQSgpAEJIAcE7Q0kBuakMRMgBTSZFyAFBO0bIAU0bR0
562=gB1RhISAEnggtXAMUTSlQCxRNLKCkATEgB1Q1NSAHZSE7IAVUNT8gBVQ1QSAHRCVFIAdEJ
563=UigpAFMoKQBUKCkAVSgpAFYoKQBXKCkAWCgpAFkoKQBaSAHFE1tIAcUTXMgBRRNdyAFHEx
564=0AWJRaSQEeKCkAHygpACAoKQAhKCkAIigpACMoKQAkSAFoWVEJJUgBcVYGaVlYnVcHaFmp
565=AQhpWViIWU0FKUwFaFlJASooKQArKCkALCgpAC0oKQAuKCkALygpADAoKQAxKCkAMkgBaF
566=lZETPIAVkRNMgBWRE1SQH6oUY2SAHFojdJAfW1AjhIAWCBSdI5SQH7tQI6SAHNBTtIAcE7
567=PCgpAD0oKQA+KCkAPygpAEAoKQBBKCkAQkgByThDSAFoWUlvRMgBSW9FyAFBGkbIAUEaR0
568=gBJyoLWAAnKQtYKCoLWADRFEtMBckBTEgB1Q1NSAHBRk7IAUFGT8gBRTRQSAEnKAsnMQFS
569=VALRCVMoKQBUKCkAVSgpAFYoKQBXKCkAWCgpAFkoKQBaSAHFE1tIAcUTXMgBRxMeAFmUMl
570=kyHygpACAoKQAhKCkAIigpACNKAf//RAcigCEnBQElVQLsoTsmyAFJDCfIAVEfKEkB96EE
571=KUkB76kBKigpACsoKQAsKCkALSgpAC4oKQAvKCkAMCgpADFIAdntMkgBxR4zyAFZETTIAV
572=kRNUkBta0QNsgBQQQ3yAFBBDjIAVWcOcgBWUg6yAFZSDtIAdU5PEgByTg9KCkAPigpAD8o
573=KQBAKCkAQSgpAEJIAdE1Q0gBcFZFa0TIAQEJAgBFyAEBCgIARsgBAQsCAEdIASfRClko0Q
574=pZKNEKWSjQCicpAExYBtUNTUgBwSVOyAFdIE/IAV0gUEgB1XtRSAEl6SNSKCkAU0gB0R9U
575=KCkAVSgpAFYoKQBXKCkAWCgpAFkoKQBaSAHFE1tIAccTHwBaXE1LAAIAICgpACEoKQAiKC
576=kAIygpACQoKQAlSAHRCSbIAVkcJ8gBWRwoSAHVOSlIAcEaKigpACsoKQAsKCkALSgpAC4o
577=KQAvKCkAMCgpADFIAc0bMkgB2REzyAFZETTIAVkRNUgBeFNBkzbIAV1BN8gBXUE4yAFdQT
578=nIAV1BOsgBAQwCADtIAcEaPEgBwRo9KCkAPigpAD8oKQBAKCkAQSgpAEJIAckXQ0gBeFNJ
579=DETJAQ16U1oAdQIOeFOpAQ96U1oAJ3kKWih5ClooeQpaKHgKJykATFwK1Q1NSAHBJU7IAU
580=ElT8gBQSVQSAFAQyJJMFEoKQBSKCkAU0gB3SBUSAHdIFUoKQBWKCkAVygpAFgoKQBZKCkA
581=WkkB9LeGIABbnA5VpyEoKQAiKCkAIygpACQoKQAlSAHBGibIAUEaJ8gBQRooSAHdFSlIAd
582=0VKigpACsoKQAsKCkALSgpAC4oKQAvKCkAMCgpADFIAd0rMkgB2REzyAFZETTIAVkRNUgB
583=YFFBOzbIAUE7N8gBARACADjIAQERAgA5yAEBEgIAOskBE2FRW/k9PFQCwRo9KCkAPigpAD
584=8oKQBAKCkAQSgpAEJIAckXQ0gBaE5NEETIAU0QRcgBTRBGyAFNEEdIASchClsoIAonZQJK
585=QATFE0soKQBMSAHVDU1IAcElTsgBQSVPyAFBJVBIAYNCAgBRKCkAUigpAFNIAcE7VEgB1Q
586=1VKCkAVigpAFcoKQBYKCkAWUgB108hAFyQDVVPIigpACMoKQAkKCkAJUgByRcmyAFJFyfI
587=AUkXKEgBxRMpSAHFEyooKQArKCkALCgpAC0oKQAuKCkALygpADAoKQAxSAHFKTJIAdkRM8
588=gBWRE0yAFZETVIAWhOARUCADbIAQEWAgA3yQEXak5cAGEEGGhOqQEZaE6pARppTlwoyQlc
589=5Yw9RAjNGz4oKQA/KCkAQCgpAEEoKQBCSAHJF0NIAWhOARQCAETIAVEURcgBURRGyAFRFE
590=dIASfJCVwoyAknZQJKQATZEUsoKQBMSAHVDU1IAcElTsgBQSVPyAFBJVBIAZRAaE4nPQhS
591=KFUAU0gBwTtUSAHVDVUoKQBWKCkAVygpAFhIAd9MIgBdhAxdTCMoKQAkKCkAJUgB0RQmyA
592=FRFCfIAVEUKEgBJf0gKUgBJf0gKigpACsoKQAsKCkALSgpAC4oKQAvSAHVGDAoKQAxSAHN
593=JjJIAdkRM8gBWRE0yAFZETVJAfmluDZIAXQ5TRs3yAFNBTjIAU0FOckBA3JLXQAl9So7VA
594=LNEDwoKQA9KCkAPigpAD8oKQBAKCkAQSgpAEJIAckXQ0gBeBFVWkTIAVVaRcgBVVpGyQEb
595=YetdKGEdXShxCV35XkpMBdEUSygpAExIAdUNTUgBwSVOyAFRH0/IAVEfUEgBiD9wSycRCF
596=IoVQBTSAEncQld8WxVVALBD1YoKQBXSAHHSiMAXpgKVS4kKCkAJUgB2REmyAFZESfIAVkR
597=KEgBbH5ZBinIAUEEKsgBQQQryAFRNSzIAQEEAgAtyAEBBQIALsgBAQYCAC9IAckXMEgB3R
598=UxSAHVIzJIAdkRM8gBVQ00yAFVDTVIAdV7NkgBfDZVDTfIAVUNOMgBVQ05yQEHeUhe5TQ7
599=VALBDzwoKQA9KCkAPigpAD8oKQBAKCkAQSgpAEIoKQBDSAElcTVEKCkARSgpAEYoKQBHSA
600=HFHkhIASfMOyeRAkpUAtEUSygpAExIAdkGTUgBwSVOyAFBJU/IAUElUEgBnD14SCflB1Io
601=VQBTSAHNMVRIAdUNVSgpAFZIAc9HJABfjAlRQCVIAcEPJsgBQQ8nyAFBDyhIAWBGVS4pyA
602=EBCAIAKsgBAQkCACvIAQEKAgAsyQELYkZfAHkGDGBGqQENYUZf/TYwTAXRFDFIAd0gMkgB
603=2REzyAFZETTIAVkRNUgBJ8EIXyOsLFkRN1QCbEdZETjIAVkROcgBWRE6SAHVIztIAcEPPC
604=gpAD0oKQA+KCkAPygpAEAoKQBBKCkAQigpAEMoKQBEKCkARSgpAEYoKQBHSAHFHkhIASfA
605=CCd1BEpUAtEUSygpAExIAdkGTUgBwSVOyAFBJU/IAUElUEgBkDxgRie5B1IoVQBTSAHJIl
606=RIAdUNVUgB1EQBJQBgAMkMJsgBSQwnyAFJDChIAWw8AQ4CACnJAQ9pQ2CFPxBoQ6kBEWhD
607=qQESaEOpARNoQ6kBFGlDYChpCGD5oDFcCsUeMkgB2REzyAFZETTIAVkRNUgBJ2kIYIhDVU
608=83VAJoQ1VPOMgBXRU5yAFdFTpIAd0gO0gB3SA8KCkAPSgpAD4oKQA/KCkAQCgpAEEoKQBC
609=KCkAQygpAEQoKQBFKCkARigpAEdIAcUeSEgBJ2gIJ3UESlQC0RRLKCkATEgB2QZNSAHBJU
610=7IAUElT8gBQSVQSAEnaQhghAFFgVIoVQBTSAHJIlRIAd9BJgBhnEFRCSfIAVEJKEgBcUAV
611=cUBhhT8WcECpARdwQKgBXfEszAVd8S3IAV3xLsgBXfEvSAElkSMwSAElkSMxSAHNEDJIAc
612=0bM8gBWRE0yAFZETVIAScRCGGQQEFRN1QCcEBBUTjIAUFROcgBQVE6SAHFHjtIAd0rPCgp
613=AD0oKQA+KCkAPygpAEAoKQBBKCkAQigpAEMoKQBEKCkARSgpAEYoKQBHSAHVOUhIAScRCG
614=HpZEpUAtEUSygpAExIAdkGTUgBwSVOyAFBJU/IAUElUEgBiD99g2GEAZBAJykAU0EE/CSH
615=JycAYoQ/WQYoSQGNdAV7PWIAhakBKlQCyQErKCkALCgpAC0oKQAuKCkALygpADAoKQAxSQ
616=GHvQoySAHVGDPIAVUYNMgBWRE1SAEnuQdimD1NiTdUAng9TVI4yAFNUjnIAU1SOkgBJ7kH
617=YvGNPFQC0So9KCkAPigpAD8oKQBAKCkAQSgpAEIoKQBDKCkARCgpAEUoKQBGKCkAR0gB3T
618=ZISAEnuQdiKLgHJ5ECS0AE0RRMSAHZBk1IAcElTsgBQSVPyAFBJVBIAWwqTTxRKCkAUigo
619=AAIoAGMAkGQEYztjAIOpASpUAskBKygpACwoKQAtKCkALigpAC8oKQAwKCkAMUkBhr0KMk
620=gB3RUzyAFdFTTIAV0VNUgB1U82SAF0OUGIN8gBQYg4yAFBiDnIAUGIOkgBwYg7SAHBiDxI
621=Ac0mPSgpAD4oKQA/KCgAA0AAYwDtAREAAMwH0BIIAAAAAgBBAGMA7QGLAUIAY+kBQygpAE
622=QoKQBFKCkARigpAEdJAfClCEhJAdmpAUlJAfapAUpIAckMSygpAExIAdkGTUkBJq0FTsgB
623=AQECAE/IAQECAgBQSAFIFH0VUSgoAAIpAGQAkHsCAgAqSQGDqQErKCkALCgpAC0oKQAuKC
624=kALygpADAoKQAxSQGGsQkySAHFEzPIAUUTNMgBRRM1SQG1qRc2yAFBBDfIAUEEOMgBAQMC
625=ADnIAQEEAgA6yAEBBQIAO8gBAQYCADxIAc0mPUgBzSY+KCkAPygpAEAoKQBBKCkAQigpAE
626=MoKQBEKCkARSgpAEYoKQBHSAHNMUhIAScKB2QA2RFKVALZEUsoKQBMSAHZBk1IAcElTsgB
627=XSBPyAFdIFBIAWwqS04qAGX9NitIAd02LCgpAC0oKQAuKCkALygpADAoKQAxSAEnsgZlAM
628=0QM1QCaAFNEDTIAU0QNUgBcDUBBwIANsgBAQgCADfIAQEJAgA4yQEKcjVlAG0FC3A1qgEM
629=AlA1qQENcTVl9SM9WAbVIz4oKQA/KCkAQCgpAEEoKQBCKCkAQygpAEQoKQBFKCkARigpAE
630=dIAdUuSEgBJ7AGJzkCSlQC2RFLKCkATEgB2QZNSAF0I00xTsgBQSVPyAFDJSsAZuU0LEgB
631=xTQtKCkALigpAC8oKQAwKCkAMUkBhn89AgAySAHVDTPIAVUNNMgBVQ01SAFpLQ55MmaVLg
632=94MqkBEHgyqQEReDKpARJ4MqkBE3gyqQEUeTJmKFkGZv2ZPkgMySI/KCkAQCgpAEEoKQBC
633=KCkAQygpAEQoKQBFKCkARigpAEdIAd0rSEgBJ1gGJzkCSlQCzRBLKCkATEgB2QZNSAHBJU
634=7IAUMlLABn7TEtSAHNMS4oKQAvKCkAMCgpADFIAScBBmcoXAyoAV0KNEAEdA2BMGeVLhVg
635=MKkBFmAwqQEXYDCpARhgMKkBGWAwqQEaYDCpARthMGcoAQZnKAAGJykAP0AP3SBAKCkAQS
636=gpAEIoKQBDKCkARCgpAEUoKQBGKCkAR0gBxSlISAEnAAYnOQJKVALBD0soKQBMSAHZBk1I
637=AWgiX2ItAGj1Li5IAdUuLygpADAoKQAxSAEnqQVoKKgFqAGILagBiy1oAPf/xWgA76kBN0
638=QIyQE4KCkAOSgpADooKQA7KCkAPEgBwRo9KCkAPigpAD8oKQBAKCkAQSgpAEIoKQBDKCkA
639=RCgpAEUoKQBGKCkAR0gBzSZISAEnqQVo5T9KVALFE0soKQBMSQH0px4uAGn9Ky9IAd0rMC
640=gpADFIASdRBWkoUAWoAZAqqAGRKmnhDzZYBsEPNygpADgoKQA5KCkAOigpADsoKQA8KCkA
641=PSgpAD4oKQA/KCkAQCgpAEEoKQBCKCkAQygpAEQoKQBFKCkARigpAEdIASdSBWkAJ1AFJ2
642=0DSkAEzRtLSAHHKS8AauUpMEgBxSkxSAEn+QRqKPgEqAGYJ6gBmSdqKPkEauV2N0QI1Q04
643=KCkAOSgpADooKQA7KCkAPCgpAD0oKQA+KCkAPygpAEAoKQBBKCkAQigpAEMoKQBEKCkARS
644=gpAEYoKQBHSAEn+wRqAN29TElUAicOI2oAzyYwAGvtJjFIASehBGsooASoAYAlqAGBJWso
645=oQRrKKAEJykAOFAJzSY5KCkAOigpADsoKQA8KCkAPSgpAD4oKQA/KCkAQCgpAEEoKQBCKC
646=kAQygpAEQoKQBFKCkARigpAEcoKQBISAHdjklIAdQjAjEAbACS7fdsKEgEqAGIIqgBiSJs
647=KEkEbChIBCcpADhQCSdIBCdVADooVQA7KCkAPCgpAD0oKQA+KCkAPygpAEAoKQBBKCkAQi
648=gpAEMoKQBEKCkARSgpAEYoKQBHKCkASEgB3yAyAG0o8AOoAZAfqAGRH20o8QNtKPADJykA
649=OEQIJ/ADJ1UAOihVADsoKQA8KCkAPSgpAD4oKQA/KCkAQCgpAEEoKQBCKCkAQygpAEQoKQ
650=BFKCkARigpAEdIAcceMwBuhB6YHKgBmRxuKJkDbiiYAycpADhYBieYAydVADooVQA7KCkA
651=PCgpAD0oKQA+KCkAPygpAEAoKQBBKCkAQigpAEMoKQBEKCkARSgpAEZIAcwbAjQAbwD7sY
652=I1SAHdFTYoKQA3KCkAOCgpADkoKQA6KCkAOygpADwoKQA9KCkAPigpAD8oKQBAKCkAQSgp
653=AEIoKQBDKCkARCgpAEVIAdQYAjUAcAD6tRg2SAHVGDcoKQA4KCkAOSgpADooKQA7KCkAPC
654=gpAD0oKQA+KCkAPygpAEAoKQBBKCkAQigpAEMoKQBESAHfFTYAcf0VN0gB3RU4KCkAOSgp
655=ADooKQA7KCkAPCgpAD0oKQA+KCkAPygpAEAoKQBBKCkAQigpAENIAccTNwBy5RM4SAHFEz
656=koKQA6KCkAOygpADwoKQA9KCkAPigpAD8oKQBAKCkAQSgpAEJIAc8QOABz7RA5SAHNEDoo
657=KQA7KCkAPCgpAD0oKQA+KCkAPygpAEAoKQBBSAHXDTkAdPUNOkgB1Q07KCkAPCgpAD0oKQ
658=A+KCkAPygpAEBIAd8KOgB1/Qo7SAHdCjwoKQA9KCkAPigpAD9IAccIOwB25Qg8SAHFCD0o
659=KQA+SAHPBTwAd+0FPUgBCPQBAAAAAgAAAAAAEQAA

[Terrain]
60064=TREE11
57068=TREE13
69071=TREE13
66074=TREE14
60055=TREE16
60057=TREE16
60058=TREE16
60059=TREE16
60060=TREE16
60061=TREE16
60062=TREE16
61062=TREE16
62062=TREE16
63062=TREE16
57055=TREE16
57057=TREE16
57061=TREE16
57062=TREE16
50055=TREE11
51055=TREE10
61055=TREE09
62055=TREE09
63055=TREE09
56055=TREE09
55055=TREE09
54055=TREE09
51072=TREE08
51074=TREE07
53059=TREE06
50073=TREE05
73055=TREE04
71055=TREE03
73056=TREE02
72056=TREE01
72068=TREE12
72063=TREE13
72065=TREE14
69058=TREE15
60065=TREE16
61064=TREE16
62063=TREE16
63064=TREE16
60066=TREE16
60068=TREE16
60069=TREE16
60072=TREE16
60071=TREE16
60073=TREE16
60075=TREE16
57063=TREE16
57064=TREE16
57066=TREE16
57067=TREE16
57071=TREE16
57072=TREE16
57074=TREE16
57075=TREE16
85067=TREE04
85066=TREE05
85065=TREE03
91073=TREE06
85073=TREE08
85074=TREE09
85076=TREE10
86075=TREE11
88076=TREE12
104071=TREE12
103070=TREE13
103068=TREE14
102068=TREE14
100073=TREE14
98070=TREE13
103073=TREE12
87065=TREE13
86065=TREE14
86076=TREE14
52049=TREE05
52048=TREE04
51047=TREE03
52042=TREE02
52040=TREE01
52041=TREE06
42041=TREE07
43040=TREE06
42044=TREE09
43044=TREE09
43045=TREE09
42045=TREE09
34040=TREE10
34041=TREE11
33041=TREE12
34042=TREE13
42049=TREE12
43048=TREE15
42048=TREE07
34049=TREE11
34048=TREE12
33048=TREE15
33049=TREE15
52047=TREE16
57051=TREE09
60051=TREE09
63051=TREE09
66051=TREE09
69051=TREE09
72051=TREE09
54047=TREE09
54042=TREE09
54044=TREE09
54045=TREE09
57040=TREE11
57042=TREE12
59041=TREE13
59042=TREE06
68042=TREE11
69040=TREE12
67040=TREE13
69042=TREE14
64046=TREE16
64047=TREE16
64048=TREE16
64049=TREE16
85051=TREE09
82051=TREE09
80051=TREE09
74051=TREE09
83051=TREE09
84051=TREE09
81051=TREE09
45073=TREE16
45074=TREE16
45075=TREE16
45076=TREE16
43073=TREE16
43074=TREE16
43075=TREE16
43076=TREE16
39073=TREE18
39074=TREE17
39075=TREE16
39076=TREE17
37073=TREE17
37074=TREE18
37075=TREE17
37076=TREE16
33073=TREE16
33074=TREE16
33075=TREE16
33076=TREE16
31073=TREE16
31076=TREE16
74032=TREE09
72032=TREE09
70032=TREE09
66029=TREE09
66031=TREE09
66033=TREE09
66035=TREE09
63032=TREE09
61032=TREE09
62032=TREE16
66034=TREE16
66030=TREE16
71032=TREE16
73032=TREE16
58029=TREE04
56028=TREE05
59028=TREE06
56029=TREE08
35063=TREE06
32056=TREE07
37066=TREE08
33065=TREE07
38053=TREE09
36053=TREE09
36055=TREE09
36057=TREE09
33053=TREE09
33055=TREE09
33057=TREE09
33059=TREE09
34061=TREE09
36061=TREE09
38061=TREE09
37053=TREE16
36054=TREE16
36056=TREE16
33054=TREE16
33056=TREE16
33058=TREE16
33060=TREE16
35061=TREE16
37061=TREE16
36058=TREE16
38058=TREE16
37058=TREE09
86068=TREE16
86070=TREE16
88073=TREE16
93073=TREE16
96073=TREE16
98073=TREE16
89071=TREE09
91071=TREE09
94071=TREE09
97071=TREE09
86071=TREE09
52021=TREE14
49024=TREE15
88054=TREE13
88058=TREE12
83055=TREE07
26052=TREE09
26049=TREE09
26045=TREE09
26046=TREE17
26048=TREE16
26047=TREE19
26051=TREE19
26050=TREE18
27049=TREE17
46072=TREE12
47070=TREE11
41074=TREE14
53088=TREE09
52088=TREE09
51088=TREE09
50088=TREE09
49088=TREE09
49086=TREE09
50086=TREE09
51086=TREE09
52086=TREE09
53086=TREE09
69085=TREE14
66084=TREE12
66090=TREE10
70085=TREE16
70084=TREE16
67090=TREE17
67089=TREE18
73082=TREE18
73080=TREE18
73081=TREE11
77085=TREE10
81082=TREE08
77086=TREE16
78085=TREE17
84086=TREE14
89080=TREE13
84048=TREE08
93045=TREE06
96049=TREE05
85035=TREE04
85032=TREE05
81045=TREE14
26076=TREE10
29076=TREE11
36087=TREE11
39090=TREE15
42085=TREE16
40085=TREE16
38085=TREE16
36084=TREE16
37085=TREE16
36085=TREE16
36081=TREE16
34081=TREE16
36083=TREE16
34083=TREE16
33085=TREE16
34084=TREE16
34085=TREE16
32085=TREE16
31085=TREE16
30085=TREE16
47094=TREE06
44094=TREE07
42094=TREE08
47099=TREE08
44099=TREE10
48096=TREE11
52033=TREE09
51033=TREE09
51030=TREE09
52030=TREE09
52034=TREE09
52029=TREE09
51035=TREE15
42034=TREE16
41033=TREE15
41032=TREE13
42029=TREE14
44028=TREE12
46029=TREE11
46035=TREE10
91053=TIBTRE03
67030=TIBTRE03
30061=TIBTRE03
59089=TIBTRE03

[Units]
0=Neutral,PICK,256,53,45,0,Sleep,None,0,-1,0,-1,1,1
1=Neutral,PICK,256,54,45,0,Sleep,None,0,-1,0,-1,1,1
2=Neutral,PICK,256,55,45,0,Sleep,None,0,-1,0,-1,1,1
3=Neutral,PICK,256,57,45,0,Sleep,None,0,-1,0,-1,1,1
4=Neutral,PICK,256,58,45,0,Sleep,None,0,-1,0,-1,1,1
5=Neutral,PICK,256,59,45,0,Sleep,None,0,-1,0,-1,1,1
6=Neutral,PICK,256,59,39,0,Sleep,None,0,-1,0,-1,1,1
7=Neutral,PICK,256,58,39,0,Sleep,None,0,-1,0,-1,1,1
8=Neutral,PICK,256,57,39,0,Sleep,None,0,-1,0,-1,1,1
9=Neutral,PICK,256,61,39,0,Sleep,None,0,-1,0,-1,1,1
10=Neutral,PICK,256,62,39,0,Sleep,None,0,-1,0,-1,1,1
11=Neutral,CAR,256,62,41,0,Sleep,None,0,-1,0,-1,1,1
12=Neutral,CAR,256,61,42,0,Sleep,None,0,-1,0,-1,1,1
13=Neutral,CAR,256,58,42,0,Sleep,None,0,-1,0,-1,1,1
14=Neutral,CAR,256,48,58,0,Sleep,None,0,-1,0,-1,1,1
15=Neutral,CAR,256,44,57,0,Sleep,None,0,-1,0,-1,1,1
16=Neutral,CAR,256,66,77,0,Sleep,None,0,-1,0,-1,1,1
17=Neutral,CAR,256,68,77,0,Sleep,None,0,-1,0,-1,1,1
18=Neutral,CAR,256,70,77,0,Sleep,None,0,-1,0,-1,1,1
19=Neutral,CAR,256,71,81,0,Sleep,None,0,-1,0,-1,1,1
20=Neutral,CAR,256,69,81,0,Sleep,None,0,-1,0,-1,1,1
21=Neutral,CAR,256,67,81,0,Sleep,None,0,-1,0,-1,1,1
22=Neutral,CAR,256,69,83,0,Sleep,None,0,-1,0,-1,1,1
23=Neutral,CAR,256,73,82,64,Sleep,None,0,-1,0,-1,1,1
24=Neutral,CAR,256,73,79,64,Sleep,None,0,-1,0,-1,1,1
25=Neutral,CAR,256,87,72,0,Sleep,None,0,-1,0,-1,1,1
26=Neutral,CAR,256,85,72,0,Sleep,None,0,-1,0,-1,1,1
27=Neutral,CAR,256,80,62,192,Sleep,None,0,-1,0,-1,1,1
28=Neutral,CAR,256,82,65,192,Sleep,None,0,-1,0,-1,1,1
29=Neutral,CAR,256,82,53,192,Sleep,None,0,-1,0,-1,1,1
30=Neutral,CAR,256,80,55,64,Sleep,None,0,-1,0,-1,1,1
31=Neutral,CAR,256,80,56,64,Sleep,None,0,-1,0,-1,1,1
32=Neutral,CAR,256,34,57,0,Sleep,None,0,-1,0,-1,1,1
33=Neutral,CAR,256,31,57,0,Sleep,None,0,-1,0,-1,1,1
34=Neutral,CAR,256,45,84,0,Sleep,None,0,-1,0,-1,1,1
35=Neutral,CAR,256,42,85,0,Sleep,None,0,-1,0,-1,1,1

[Structures]
1019121=Neutral,CATEXS02,256,62,64,0,None,0,0,1,0,0,None,None,None,0,0
1019122=Neutral,CAWASH05,256,46,80,0,None,0,0,1,0,0,None,None,None,0,0
1019123=Neutral,CAWASH04,256,46,60,0,None,0,0,1,0,0,None,None,None,0,0
1019124=Neutral,CAWASH03,256,41,79,0,None,0,0,1,0,0,None,None,None,0,0
1019125=Neutral,CAWASH07,256,41,90,0,None,0,0,1,0,0,None,None,None,0,0
1019126=Neutral,CAWASH10,256,33,80,0,None,0,0,1,0,0,None,None,None,0,0
1019127=Neutral,CAWASH07,256,22,50,0,None,0,0,1,0,0,None,None,None,0,0
1019128=Neutral,CAWASH07,256,28,80,0,None,0,0,1,0,0,None,None,None,0,0
1019129=Neutral,CAWASH07,256,28,73,0,None,0,0,1,0,0,None,None,None,0,0
1019130=Neutral,CAWASH05,256,40,49,0,None,0,0,1,0,0,None,None,None,0,0
1019131=Neutral,CAWASH04,256,40,38,0,None,0,0,1,0,0,None,None,None,0,0
1019132=Neutral,CAWASH07,256,44,33,0,None,0,0,1,0,0,None,None,None,0,0
1019133=Neutral,CAWASH07,256,40,45,0,None,0,0,1,0,0,None,None,None,0,0
1019134=Neutral,CAWASH07,256,40,29,0,None,0,0,1,0,0,None,None,None,0,0
1019135=Neutral,CAWASH07,256,47,44,0,None,0,0,1,0,0,None,None,None,0,0
1019136=Neutral,CAWASH07,256,46,39,0,None,0,0,1,0,0,None,None,None,0,0
1019137=Neutral,CAWASH07,256,47,36,0,None,0,0,1,0,0,None,None,None,0,0
1019138=Neutral,CAWASH07,256,47,30,0,None,0,0,1,0,0,None,None,None,0,0
1019139=Neutral,CAWASH10,256,54,77,0,None,0,0,1,0,0,None,None,None,0,0
1019140=Neutral,CAWASH10,256,60,77,0,None,0,0,1,0,0,None,None,None,0,0
1019141=Neutral,CAWASH10,256,69,42,0,None,0,0,1,0,0,None,None,None,0,0
1019142=Neutral,CAWASH10,256,69,36,0,None,0,0,1,0,0,None,None,None,0,0
1019143=Neutral,CAWASH10,256,69,30,0,None,0,0,1,0,0,None,None,None,0,0
1019144=Neutral,CAWASH05,256,86,55,0,None,0,0,1,0,0,None,None,None,0,0
1019145=Neutral,CAWASH04,256,86,62,0,None,0,0,1,0,0,None,None,None,0,0
1019146=Neutral,CAWASH03,256,87,68,0,None,0,0,1,0,0,None,None,None,0,0
1019147=Neutral,CAWASH07,256,88,76,0,None,0,0,1,0,0,None,None,None,0,0
1019148=Neutral,CAWASH07,256,88,80,0,None,0,0,1,0,0,None,None,None,0,0
1019149=Neutral,CAWASH07,256,80,69,0,None,0,0,1,0,0,None,None,None,0,0
1019150=Neutral,CAWASH07,256,81,76,0,None,0,0,1,0,0,None,None,None,0,0
1019151=Neutral,CAWASH10,256,81,84,0,None,0,0,1,0,0,None,None,None,0,0
1019152=Neutral,CAWASH10,256,80,47,0,None,0,0,1,0,0,None,None,None,0,0
1019153=Neutral,CACITY01,256,46,89,0,None,0,0,1,0,0,None,None,None,0,0
1019154=Neutral,CACITY03,256,55,85,0,None,0,0,1,0,0,None,None,None,0,0
1019155=Neutral,CACITY02,256,45,72,0,None,0,0,1,0,0,None,None,None,0,0
1019156=Neutral,CACITY04,256,40,72,0,None,0,0,1,0,0,None,None,None,0,0
1019157=Neutral,CAWASH05,256,46,48,0,None,0,0,1,0,0,None,None,None,0,0
1019158=Neutral,CACITY01,256,41,61,0,None,0,0,1,0,0,None,None,None,0,0
1019159=Neutral,CAUSFGL,256,61,63,0,None,0,0,1,0,0,None,None,None,0,0
1019162=Neutral,CAMISC04,256,53,66,0,None,0,0,1,0,0,None,None,None,0,0
1019163=Neutral,CACITY03,256,34,72,0,None,0,0,1,0,0,None,None,None,0,0
1019164=Neutral,CAWASH07,256,34,68,0,None,0,0,1,0,0,None,None,None,0,0
1019165=Neutral,GAPILL,256,54,60,0,None,1,0,1,0,0,None,None,None,0,0
1019166=Neutral,CATECH01,256,68,52,0,None,0,0,1,0,0,None,None,None,0,0
1019167=Neutral,CAMISC04,256,53,81,0,None,0,0,1,0,0,None,None,None,0,0
1019168=Neutral,CAMISC04,256,43,51,0,None,0,0,1,0,0,None,None,None,0,0
1019169=Neutral,CAMISC04,256,76,78,0,None,0,0,1,0,0,None,None,None,0,0
1019170=Neutral,CASIN01W,256,76,76,0,None,0,0,1,0,0,None,None,None,0,0
1019171=Neutral,CASIN01S,256,68,76,0,None,0,0,1,0,0,None,None,None,0,0
1019172=Neutral,CASIN01W,256,90,44,0,None,0,0,1,0,0,None,None,None,0,0
1019173=Neutral,CASIN01E,256,80,43,0,None,0,0,1,0,0,None,None,None,0,0
1019174=Neutral,CAWASH10,256,80,38,0,None,0,0,1,0,0,None,None,None,0,0
1019175=Neutral,CAWASH10,256,80,29,0,None,0,0,1,0,0,None,None,None,0,0
1019176=Neutral,CAWASH08,256,34,60,0,None,0,0,1,0,0,None,None,None,0,0
1019177=Neutral,CAOILD,256,61,11,0,None,0,0,1,0,0,None,None,None,0,0
1019180=Neutral,CAOILD,256,105,62,0,None,0,0,1,0,0,None,None,None,0,0
1019183=Neutral,CAOILD,256,47,100,0,None,0,0,1,0,0,None,None,None,0,0
1019186=Neutral,CAOILD,256,11,62,0,None,0,0,1,0,0,None,None,None,0,0
1019189=Neutral,CAWASH03,256,87,40,0,None,0,0,1,0,0,None,None,None,0,0
1019190=Neutral,CAWASH07,256,73,27,0,None,0,0,1,0,0,None,None,None,0,0
1019191=Neutral,INGALITE,256,65,61,0,None,0,0,1,0,0,None,None,None,0,0
1019192=Neutral,CAMIAM01,256,30,49,0,None,0,0,1,0,0,None,None,None,0,0

[OverlayPack]
1=CQAAIIH//v4f/4H/gDIAACCB//45Fv+BfwAB/vwB/xIA//sBPRYh/xICgRv+9wH/EfwABI
2=Eb//sBQhogAf++AUEcgCMAACCB//kAAId/f///Gxsb/vsB/wIBgf///AFDACIB/rsb/4H/
3=gJUAACCB//45BP+Ff3//fxv++wH/gX8AA4IbG//9AT4Egn8bAAPUJQj/4wFABgYBBgX+9w
4=H/BfoB/tg/Cv/gAT8GgRsF/QQC//kBQQx6B//9AUQO1igK//sBPgYoGQIB/vgB/yoY//sB
5=Pgox/v/BAVwW21kYZ+DUHhr/3wFaGAH+EgAl6tJbFP/gAVoaQB016dBGHP+mAVocgJEAAC
6=CB/9gAAIF/EAHUBQCDGxv/QBsQJQAO/tMB/wH91h8Agv8bUBsyAP/UAUcA1iACUh5iAf/W
7=AUYAAgHZHARCAdceAP7AAf/ZHADJGAT/2wFEBuAeBtwdCP67Af/dRAoaHyH+AAP/2AFHAO
8=T7DQwB/9YBRwTjHxD//wFHDv7WA////wFJEP8AAkcQ/9QFRxDP7R+ASAAAIIH//jIS/4F/
9=EAH++gH/If//+wE0EhH6MgGCGxv+9AH/M/wyAP/zAT0WghsbEf4iCAH///EBPhjLPRr/8w
10=E9GMw/HP/AAT8cgAkAACCB//7+H/+B/4AJAAAggf/+/h//gf+ACQAAIIH//v4f/4H/gAkA
11=ACCB//7+H/+B/4AJAAAggf/+/h//gf+ACQAAIIH//v4f/4H/gAkAACCB//7+H/+B/4AJAA
12=Aggf/+/h//gf+ACQAAIIH//v4f/4H/gAkAACCB//7+H/+B/4AJAAAggf/+/h//gf+ACQAA
13=IIH//v4f/4H/gAkAACCB//7+H/+B/4AJAAAggf/+/h//gf+ACQAAIIH//v4f/4H/gAkAAC
14=CB//7+H/+B/4AJAAAggf/+/h//gf+ACQAAIIH//v4f/4H/gAkAACCB//7+H/+B/4AJAAAg
15=gf/+/h//gf+ACQAAIIH//v4f/4H/gAkAACCB//7+H/+B/4AJAAAggf/+/h//gf+ACQAAII
16=H//v4f/4H/gAkAACCB//7+H/+B/4AJAAAggf/+/h//gf+A

[OverlayDataPack]
1=CQAAIIEA/v4fAIEAgEQAACCBAP45FgCEBAcHBv78AQCFCAsLCgf++gEAigQICwoKCAgEAA
2=P+9wEAAgCFAAoLCAT/+AE9FggAhggICAYDCP+9AUIcgCIAACCBAPkAAIcGBwAAAwcG/vsB
3=AIEDQAT++QEAgQH+vhsAgQCA2AAAIIEA/jkEAIUDAwABA/77AQAB/IMEBAb//AE+BAH+gw
4=YEAf76AQCFBgAICgf++AEAiAMEAAYKCAoG1yMIgQT+3gEAhgQDBAcGANdbDIEH/+YBQArW
5=QQiCBwj++QEAhwMABgcGBgjXQAz+3wEAhwYKCgoIBgb/3wFbDNc6FoEHAf+DAAgH//kBQA
6=aBBAoYggcI/8EBWxCCBAfZXBTGPgbUXBaBCP/BAVsOggcL2FsaA+QR+YUDBgcABNI9BP/C
7=AVoOggcL2FsYgQbAOgQ958E/CtAeGv+mAVoMgMwAACCBANgAAIUHCggHBNQFAIQEBAAGMA
8=qGCAsKBgYH/tQBAAHWgQbVIACDAAMGQgCGBgoLBwcI1iAC/rsBANtIAmP0hAoKBgRCDP7P
9=AQCBBtobBEQcggMH/9UBRwAR4YEI1x4AMh9IKP7XAQCFBwoHAAPZAQQiAYMGBwf/1gFHBA
10=QA2/4LhQMAAwMDBCWDAAQD3BsE/rcBAAHY4PoLEfuDBwgH4R4O/tgBAIIDBv/YAUQK/vsD
11=AP/VAUgM6fIL//4BSRCBBNofCP7HBQCBAIBsAAAggQD+MhIAhQYHBwcG/voBAIIGChABgQ
12=j/+QE2EosHCwoACAoKCwoGBP/1AToUiwYKCAgGAAYICgcHAAj+8QEAhgQDBgYAAxIIhQQE
13=BwAE/vABAIEDyj4agQT/8QE/GiP7yDQegQH+vgEAgQCACQAAIIEA/v4fAIEAgAkAACCBAP
14=7+HwCBAIAJAAAggQD+/h8AgQCACQAAIIEA/v4fAIEAgAkAACCBAP7+HwCBAIAJAAAggQD+
15=/h8AgQCACQAAIIEA/v4fAIEAgAkAACCBAP7+HwCBAIAJAAAggQD+/h8AgQCACQAAIIEA/v
16=4fAIEAgAkAACCBAP7+HwCBAIAJAAAggQD+/h8AgQCACQAAIIEA/v4fAIEAgAkAACCBAP7+
17=HwCBAIAJAAAggQD+/h8AgQCACQAAIIEA/v4fAIEAgAkAACCBAP7+HwCBAIAJAAAggQD+/h
18=8AgQCACQAAIIEA/v4fAIEAgAkAACCBAP7+HwCBAIAJAAAggQD+/h8AgQCACQAAIIEA/v4f
19=AIEAgAkAACCBAP7+HwCBAIAJAAAggQD+/h8AgQCACQAAIIEA/v4fAIEAgAkAACCBAP7+Hw
20=CBAIA=

[ScriptTypes]
0=087144BC
1=07A527BC
2=086EB23C
3=08C7646C
4=0872F46C
5=08E6B2EC
6=0932C54C
7=0932C7BC
8=08CB7DBC
9=07BD691C

[087144BC]
Name=Car Patrol - North
0=3,18
1=3,7
2=3,20
3=3,7
4=3,8
5=6,1

[07A527BC]
Name=Car Patrol - South
0=3,10
1=3,11
2=3,12
3=3,13
4=6,1

[086EB23C]
Name=Patrol - North
0=16,18
1=16,7
2=16,8
3=16,7
4=16,20
5=16,7
6=6,1

[08C7646C]
Name=Patrol - South
0=16,14
1=16,15
2=16,14
3=16,17
4=16,14
5=16,16
6=6,1

[0872F46C]
Name=Northern Team moves south
0=16,14
1=11,11

[08E6B2EC]
Name=IFV Patrol
0=3,24
1=3,25
2=6,1

[0932C54C]
Name=upper right perimiter
0=16,28
1=16,29
2=6,1

[0932C7BC]
Name=lower left perimiter
0=16,26
1=16,27
2=6,1

[08CB7DBC]
Name=Power Plant Patrol
0=16,30
1=16,31
2=6,1

[07BD691C]
Name=patrol to A
0=16,0
1=11,15

[TaskForces]
0=07A532CC
1=086F6F1C
2=0A53D75C
3=093199FC
4=08F0310C
5=08DD0A3C

[07A532CC]
Name=1 Car
0=1,CAR
Group=-1

[086F6F1C]
Name=1 IFVs
0=1,FV
Group=-1

[0A53D75C]
Name=4 Grizzliles
0=4,MTNK
Group=-1

[093199FC]
Name=2 dogs, 1 GI
0=2,DOG
1=1,E1
Group=-1

[08F0310C]
Name=1 SEAL
0=1,GHOST
Group=-1

[08DD0A3C]
Name=15 Conscripts
0=15,E2
Group=-1

[TeamTypes]
0=07A58AAC
1=08BA5A6C
2=0871BC9C
3=08BA2CCC
4=0872F6DC
5=08CBC7FC
6=08D9846C
7=08D99F0C
8=08F03B4C
9=08C97B8C
10=08CD690C
11=08C975CC

[07A58AAC]
Name=Northern Car
VeteranLevel=1
Loadable=no
Full=no
Annoyance=no
GuardSlower=no
House=Neutral
Recruiter=no
Autocreate=no
Prebuild=no
Reinforce=no
Droppod=no
UseTransportOrigin=no
Whiner=no
LooseRecruit=no
Aggressive=no
Suicide=yes
Priority=5
Max=1
TechLevel=0
Group=-1
OnTransOnly=no
AvoidThreats=no
IonImmune=no
TransportsReturnOnUnload=no
AreTeamMembersRecruitable=yes
IsBaseDefense=no
OnlyTargetHouseEnemy=no
Script=087144BC
TaskForce=07A532CC

[08BA5A6C]
Name=Southern Car
VeteranLevel=1
Loadable=no
Full=no
Annoyance=no
GuardSlower=no
House=Neutral
Recruiter=no
Autocreate=no
Prebuild=no
Reinforce=no
Droppod=no
UseTransportOrigin=no
Whiner=no
LooseRecruit=no
Aggressive=no
Suicide=yes
Priority=5
Max=1
TechLevel=0
Group=-1
OnTransOnly=no
AvoidThreats=no
IonImmune=no
TransportsReturnOnUnload=no
AreTeamMembersRecruitable=yes
IsBaseDefense=no
OnlyTargetHouseEnemy=no
Script=07A527BC
TaskForce=07A532CC

[0871BC9C]
Name=Northern Patrol
VeteranLevel=1
Loadable=no
Full=no
Annoyance=no
GuardSlower=no
House=Americans
Recruiter=no
Autocreate=no
Prebuild=no
Reinforce=no
Droppod=no
UseTransportOrigin=no
Whiner=no
LooseRecruit=no
Aggressive=yes
Suicide=no
Priority=5
Max=1
TechLevel=0
Group=-1
OnTransOnly=no
AvoidThreats=no
IonImmune=no
TransportsReturnOnUnload=no
AreTeamMembersRecruitable=yes
IsBaseDefense=no
OnlyTargetHouseEnemy=no
Script=086EB23C
TaskForce=086F6F1C

[08BA2CCC]
Name=Southern Patrol
VeteranLevel=1
Loadable=no
Full=no
Annoyance=no
GuardSlower=no
House=Americans
Recruiter=no
Autocreate=no
Prebuild=no
Reinforce=no
Droppod=no
UseTransportOrigin=no
Whiner=no
LooseRecruit=no
Aggressive=yes
Suicide=no
Priority=5
Max=1
TechLevel=0
Group=-1
OnTransOnly=no
AvoidThreats=no
IonImmune=no
TransportsReturnOnUnload=no
AreTeamMembersRecruitable=yes
IsBaseDefense=no
OnlyTargetHouseEnemy=no
Script=08C7646C
TaskForce=086F6F1C

[0872F6DC]
Name=Northern Defenders
VeteranLevel=1
Loadable=no
Full=no
Annoyance=no
GuardSlower=no
House=Americans
Recruiter=yes
Autocreate=no
Prebuild=no
Reinforce=no
Droppod=no
UseTransportOrigin=no
Whiner=no
LooseRecruit=yes
Aggressive=no
Suicide=no
Priority=7
Max=1
TechLevel=0
Group=-1
OnTransOnly=no
AvoidThreats=no
IonImmune=no
TransportsReturnOnUnload=no
AreTeamMembersRecruitable=yes
IsBaseDefense=no
OnlyTargetHouseEnemy=no
Waypoint=W
Script=0872F46C
TaskForce=0A53D75C

[08CBC7FC]
Name=ifv patrol
VeteranLevel=1
Loadable=no
Full=no
Annoyance=no
GuardSlower=no
House=Americans
Recruiter=no
Autocreate=no
Prebuild=no
Reinforce=no
Droppod=no
UseTransportOrigin=no
Whiner=no
LooseRecruit=no
Aggressive=no
Suicide=no
Priority=5
Max=1
TechLevel=0
Group=-1
OnTransOnly=no
AvoidThreats=no
IonImmune=no
TransportsReturnOnUnload=no
AreTeamMembersRecruitable=yes
IsBaseDefense=no
OnlyTargetHouseEnemy=no
Waypoint=Y
Script=08E6B2EC
TaskForce=086F6F1C

[08D9846C]
Name=upper right patrol
VeteranLevel=1
Loadable=no
Full=no
Annoyance=no
GuardSlower=yes
House=Americans
Recruiter=no
Autocreate=no
Prebuild=no
Reinforce=no
Droppod=no
UseTransportOrigin=no
Whiner=no
LooseRecruit=no
Aggressive=yes
Suicide=no
Priority=5
Max=1
TechLevel=0
Group=-1
OnTransOnly=no
AvoidThreats=no
IonImmune=no
TransportsReturnOnUnload=no
AreTeamMembersRecruitable=no
IsBaseDefense=no
OnlyTargetHouseEnemy=no
Waypoint=AC
Script=0932C54C
TaskForce=093199FC

[08D99F0C]
Name=lower left patrol
VeteranLevel=1
Loadable=no
Full=no
Annoyance=no
GuardSlower=yes
House=Americans
Recruiter=no
Autocreate=no
Prebuild=no
Reinforce=no
Droppod=no
UseTransportOrigin=no
Whiner=no
LooseRecruit=no
Aggressive=yes
Suicide=no
Priority=5
Max=1
TechLevel=0
Group=-1
OnTransOnly=no
AvoidThreats=no
IonImmune=no
TransportsReturnOnUnload=no
AreTeamMembersRecruitable=yes
IsBaseDefense=no
OnlyTargetHouseEnemy=no
Waypoint=AA
Script=0932C7BC
TaskForce=093199FC

[08F03B4C]
Name=Seal Power Plant
VeteranLevel=1
Loadable=no
Full=no
Annoyance=no
GuardSlower=no
House=Americans
Recruiter=no
Autocreate=no
Prebuild=no
Reinforce=no
Droppod=no
UseTransportOrigin=no
Whiner=no
LooseRecruit=no
Aggressive=yes
Suicide=no
Priority=5
Max=1
TechLevel=0
Group=-1
OnTransOnly=no
AvoidThreats=no
IonImmune=no
TransportsReturnOnUnload=no
AreTeamMembersRecruitable=yes
IsBaseDefense=no
OnlyTargetHouseEnemy=no
Waypoint=AE
Script=08CB7DBC
TaskForce=08F0310C

[08C97B8C]
Name=Drop Group 1
VeteranLevel=1
Loadable=no
Full=no
Annoyance=no
GuardSlower=no
House=Russians
Recruiter=no
Autocreate=no
Prebuild=no
Reinforce=no
Droppod=yes
UseTransportOrigin=no
Whiner=no
LooseRecruit=no
Aggressive=yes
Suicide=no
Priority=5
Max=1
TechLevel=0
Group=-1
OnTransOnly=no
AvoidThreats=no
IonImmune=no
TransportsReturnOnUnload=no
AreTeamMembersRecruitable=yes
IsBaseDefense=no
OnlyTargetHouseEnemy=no
Waypoint=AI
Script=07BD691C
TaskForce=08DD0A3C

[08CD690C]
Name=Drop Group 2
VeteranLevel=1
Loadable=no
Full=no
Annoyance=no
GuardSlower=no
House=Russians
Recruiter=no
Autocreate=no
Prebuild=no
Reinforce=no
Droppod=yes
UseTransportOrigin=no
Whiner=no
LooseRecruit=no
Aggressive=yes
Suicide=no
Priority=5
Max=1
TechLevel=0
Group=-1
OnTransOnly=no
AvoidThreats=no
IonImmune=no
TransportsReturnOnUnload=no
AreTeamMembersRecruitable=yes
IsBaseDefense=no
OnlyTargetHouseEnemy=no
Waypoint=AK
Script=07BD691C
TaskForce=07AA6740-G

[08C975CC]
Name=Drop Group 3
VeteranLevel=1
Loadable=no
Full=no
Annoyance=no
GuardSlower=no
House=Russians
Recruiter=no
Autocreate=no
Prebuild=no
Reinforce=no
Droppod=yes
UseTransportOrigin=no
Whiner=no
LooseRecruit=no
Aggressive=yes
Suicide=no
Priority=5
Max=1
TechLevel=0
Group=-1
OnTransOnly=no
AvoidThreats=no
IonImmune=no
TransportsReturnOnUnload=no
AreTeamMembersRecruitable=yes
IsBaseDefense=no
OnlyTargetHouseEnemy=no
Waypoint=AJ
Script=07BD691C
TaskForce=08DD0A3C

[AITriggerTypesEnable]
08BC266C-G=yes
0ACB95A0-G=yes
0ACB9460-G=yes
0ACDCB20-G=yes
0ACDC9E0-G=yes
0730CF10-G=yes
0ACDC760-G=yes
0ACDC620-G=yes
0ACDC4E0-G=yes
0AC4FC60-G=yes
0AC4FB20-G=yes
0AC4F9E0-G=yes
0ACEA9E0-G=yes
09FA9760-G=yes
0ADC04E0-G=yes
0ACBA260-G=yes
0ACBA120-G=yes
0ACEA3A0-G=yes
0ACEA260-G=yes
0ACEA120-G=yes
0ACE9EE0-G=yes
0ACE9DA0-G=yes
0AC6DC60-G=yes
0ACDD120-G=yes
0ACDEEE0-G=yes
0AC4E760-G=yes
0ACE9760-G=yes
0AC83120-G=yes
08BC012C-G=yes
08BCFEEC-G=yes
08BCFDAC-G=yes
08BCFC6C-G=yes
0ACDE3A0-G=yes
08D15EEC-G=yes
0AE8CEE0-G=yes
0AE8CDA0-G=yes
0CF567D0-G=yes
0C4EB560-G=yes
08BC226C-G=yes
07B4C3CC-G=yes
07B4C1AC-G=yes
07B4DEEC-G=yes
07B4DDAC-G=yes
07B4DC6C-G=yes
09036A5C-G=yes
0902E97C-G=yes
0903B2DC-G=yes
0903B19C-G=yes
03E8AAAC-G=yes
03E8B84C-G=yes
03E8860C-G=yes
07B3692C-G=yes
03E7C77C-G=yes
03E8A48C-G=yes
0A6B976C-G=yes
098EEC7C-G=yes
098EEB3C-G=yes
098DF9AC-G=yes

[Digest]
1=K4eqhEiw+eVNQmOewnHgAyAwkxc=
